Component: ARM Compiler 6.12 Tool: armlink [5d624300]

==============================================================================

Section Cross References

    startup_stm32f103xb.o(STACK) refers (Special) to heapauxi.o(.text) for __use_two_region_memory
    startup_stm32f103xb.o(HEAP) refers (Special) to heapauxi.o(.text) for __use_two_region_memory
    startup_stm32f103xb.o(RESET) refers (Special) to heapauxi.o(.text) for __use_two_region_memory
    startup_stm32f103xb.o(RESET) refers to startup_stm32f103xb.o(STACK) for __initial_sp
    startup_stm32f103xb.o(RESET) refers to startup_stm32f103xb.o(.text) for Reset_Handler
    startup_stm32f103xb.o(RESET) refers to lto-llvm-a9a8d0.o(.text.NMI_Handler) for NMI_Handler
    startup_stm32f103xb.o(RESET) refers to lto-llvm-a9a8d0.o(.text.HardFault_Handler) for HardFault_Handler
    startup_stm32f103xb.o(RESET) refers to lto-llvm-a9a8d0.o(.text.MemManage_Handler) for MemManage_Handler
    startup_stm32f103xb.o(RESET) refers to lto-llvm-a9a8d0.o(.text.BusFault_Handler) for BusFault_Handler
    startup_stm32f103xb.o(RESET) refers to lto-llvm-a9a8d0.o(.text.UsageFault_Handler) for UsageFault_Handler
    startup_stm32f103xb.o(RESET) refers to lto-llvm-a9a8d0.o(.text.SVC_Handler) for SVC_Handler
    startup_stm32f103xb.o(RESET) refers to lto-llvm-a9a8d0.o(.text.DebugMon_Handler) for DebugMon_Handler
    startup_stm32f103xb.o(RESET) refers to lto-llvm-a9a8d0.o(.text.PendSV_Handler) for PendSV_Handler
    startup_stm32f103xb.o(RESET) refers to lto-llvm-a9a8d0.o(.text.SysTick_Handler) for SysTick_Handler
    startup_stm32f103xb.o(RESET) refers to lto-llvm-a9a8d0.o(.text.DMA1_Channel1_IRQHandler) for DMA1_Channel1_IRQHandler
    startup_stm32f103xb.o(RESET) refers to lto-llvm-a9a8d0.o(.text.DMA1_Channel2_IRQHandler) for DMA1_Channel2_IRQHandler
    startup_stm32f103xb.o(RESET) refers to lto-llvm-a9a8d0.o(.text.DMA1_Channel3_IRQHandler) for DMA1_Channel3_IRQHandler
    startup_stm32f103xb.o(RESET) refers to lto-llvm-a9a8d0.o(.text.DMA1_Channel4_IRQHandler) for DMA1_Channel4_IRQHandler
    startup_stm32f103xb.o(RESET) refers to lto-llvm-a9a8d0.o(.text.DMA1_Channel5_IRQHandler) for DMA1_Channel5_IRQHandler
    startup_stm32f103xb.o(RESET) refers to lto-llvm-a9a8d0.o(.text.DMA1_Channel6_IRQHandler) for DMA1_Channel6_IRQHandler
    startup_stm32f103xb.o(RESET) refers to lto-llvm-a9a8d0.o(.text.DMA1_Channel7_IRQHandler) for DMA1_Channel7_IRQHandler
    startup_stm32f103xb.o(RESET) refers to lto-llvm-a9a8d0.o(.text.USB_LP_CAN1_RX0_IRQHandler) for USB_LP_CAN1_RX0_IRQHandler
    startup_stm32f103xb.o(RESET) refers to lto-llvm-a9a8d0.o(.text.SPI1_IRQHandler) for SPI1_IRQHandler
    startup_stm32f103xb.o(.text) refers (Special) to heapauxi.o(.text) for __use_two_region_memory
    startup_stm32f103xb.o(.text) refers to lto-llvm-a9a8d0.o(.text.SystemInit) for SystemInit
    startup_stm32f103xb.o(.text) refers to __main.o(!!!main) for __main
    startup_stm32f103xb.o(.text) refers to startup_stm32f103xb.o(HEAP) for Heap_Mem
    startup_stm32f103xb.o(.text) refers to startup_stm32f103xb.o(STACK) for Stack_Mem
    __main.o(!!!main) refers to __rtentry.o(.ARM.Collect$$rtentry$$00000000) for __rt_entry
    __rtentry.o(.ARM.Collect$$rtentry$$00000000) refers (Special) to __rtentry2.o(.ARM.Collect$$rtentry$$0000000A) for __rt_entry_li
    __rtentry.o(.ARM.Collect$$rtentry$$00000000) refers (Special) to __rtentry2.o(.ARM.Collect$$rtentry$$0000000D) for __rt_entry_main
    __rtentry.o(.ARM.Collect$$rtentry$$00000000) refers (Special) to __rtentry2.o(.ARM.Collect$$rtentry$$0000000C) for __rt_entry_postli_1
    __rtentry.o(.ARM.Collect$$rtentry$$00000000) refers (Special) to __rtentry2.o(.ARM.Collect$$rtentry$$00000009) for __rt_entry_postsh_1
    __rtentry.o(.ARM.Collect$$rtentry$$00000000) refers (Special) to __rtentry2.o(.ARM.Collect$$rtentry$$00000002) for __rt_entry_presh_1
    __rtentry.o(.ARM.Collect$$rtentry$$00000000) refers (Special) to __rtentry4.o(.ARM.Collect$$rtentry$$00000004) for __rt_entry_sh
    __rtentry2.o(.ARM.Collect$$rtentry$$00000008) refers to boardinit2.o(.text) for _platform_post_stackheap_init
    __rtentry2.o(.ARM.Collect$$rtentry$$0000000A) refers to libinit.o(.ARM.Collect$$libinit$$00000000) for __rt_lib_init
    __rtentry2.o(.ARM.Collect$$rtentry$$0000000B) refers to boardinit3.o(.text) for _platform_post_lib_init
    __rtentry2.o(.ARM.Collect$$rtentry$$0000000D) refers to lto-llvm-a9a8d0.o(.text.main) for main
    __rtentry2.o(.ARM.Collect$$rtentry$$0000000D) refers to exit.o(.text) for exit
    __rtentry2.o(.ARM.exidx) refers to __rtentry2.o(.ARM.Collect$$rtentry$$00000001) for .ARM.Collect$$rtentry$$00000001
    __rtentry2.o(.ARM.exidx) refers to __rtentry2.o(.ARM.Collect$$rtentry$$00000008) for .ARM.Collect$$rtentry$$00000008
    __rtentry2.o(.ARM.exidx) refers to __rtentry2.o(.ARM.Collect$$rtentry$$0000000A) for .ARM.Collect$$rtentry$$0000000A
[...]
    lto-llvm-a9a8d0.o(.text.EraseSector) refers to lto-llvm-a9a8d0.o(.text.SetWriteEnable) for SetWriteEnable
    lto-llvm-a9a8d0.o(.text.EraseSector) refers to lto-llvm-a9a8d0.o(.text.SendCmd) for SendCmd
    lto-llvm-a9a8d0.o(.text.EraseSector) refers to lto-llvm-a9a8d0.o(.text.ReadStatusReg) for ReadStatusReg
    lto-llvm-a9a8d0.o(.ARM.exidx.text.EraseSector) refers to lto-llvm-a9a8d0.o(.text.EraseSector) for [Anonymous Symbol]
    lto-llvm-a9a8d0.o(.text.ReadStatusReg) refers to lto-llvm-a9a8d0.o(.bss.SPI1_Info.2) for SPI1_Info.2
    lto-llvm-a9a8d0.o(.text.ReadStatusReg) refers to lto-llvm-a9a8d0.o(.bss.SPI1_Info.1.0) for SPI1_Info.1.0
    lto-llvm-a9a8d0.o(.text.ReadStatusReg) refers to lto-llvm-a9a8d0.o(.bss.SPI1_Info.3) for SPI1_Info.3
    lto-llvm-a9a8d0.o(.text.ReadStatusReg) refers to lto-llvm-a9a8d0.o(.text.SPI1_Transfer) for SPI1_Transfer
    lto-llvm-a9a8d0.o(.text.ReadStatusReg) refers to lto-llvm-a9a8d0.o(.bss.SPI1_TransferInfo) for SPI1_TransferInfo
    lto-llvm-a9a8d0.o(.ARM.exidx.text.ReadStatusReg) refers to lto-llvm-a9a8d0.o(.text.ReadStatusReg) for [Anonymous Symbol]
    lto-llvm-a9a8d0.o(.text.SetWriteEnable) refers to lto-llvm-a9a8d0.o(.text.ReadStatusReg) for ReadStatusReg
    lto-llvm-a9a8d0.o(.text.SetWriteEnable) refers to lto-llvm-a9a8d0.o(.text.SendCmd) for SendCmd
    lto-llvm-a9a8d0.o(.ARM.exidx.text.SetWriteEnable) refers to lto-llvm-a9a8d0.o(.text.SetWriteEnable) for [Anonymous Symbol]
    lto-llvm-a9a8d0.o(.text.SendCmd) refers to lto-llvm-a9a8d0.o(.bss.SPI1_Info.2) for SPI1_Info.2
    lto-llvm-a9a8d0.o(.text.SendCmd) refers to lto-llvm-a9a8d0.o(.bss.SPI1_Info.1.0) for SPI1_Info.1.0
    lto-llvm-a9a8d0.o(.text.SendCmd) refers to lto-llvm-a9a8d0.o(.bss.SPI1_Info.3) for SPI1_Info.3
    lto-llvm-a9a8d0.o(.text.SendCmd) refers to lto-llvm-a9a8d0.o(.text.SPI1_Send) for SPI1_Send
    lto-llvm-a9a8d0.o(.text.SendCmd) refers to lto-llvm-a9a8d0.o(.bss.SPI1_TransferInfo) for SPI1_TransferInfo
    lto-llvm-a9a8d0.o(.ARM.exidx.text.SendCmd) refers to lto-llvm-a9a8d0.o(.text.SendCmd) for [Anonymous Symbol]
    lto-llvm-a9a8d0.o(.ARM.exidx.text.USB_EPStartXfer) refers to lto-llvm-a9a8d0.o(.text.USB_EPStartXfer) for [Anonymous Symbol]
    lto-llvm-a9a8d0.o(.text.HAL_InitTick) refers to lto-llvm-a9a8d0.o(.data.SystemCoreClock) for SystemCoreClock
    lto-llvm-a9a8d0.o(.ARM.exidx.text.HAL_InitTick) refers to lto-llvm-a9a8d0.o(.text.HAL_InitTick) for [Anonymous Symbol]
    lto-llvm-a9a8d0.o(.ARM.exidx.text.HAL_GPIO_Init) refers to lto-llvm-a9a8d0.o(.text.HAL_GPIO_Init) for [Anonymous Symbol]
    lto-llvm-a9a8d0.o(.ARM.exidx.text.SystemInit) refers to lto-llvm-a9a8d0.o(.text.SystemInit) for [Anonymous Symbol]
    lto-llvm-a9a8d0.o(.text.DMA_ChannelInitialize) refers to lto-llvm-a9a8d0.o(.bss.DMA1_Channel) for DMA1_Channel
    lto-llvm-a9a8d0.o(.ARM.exidx.text.DMA_ChannelInitialize) refers to lto-llvm-a9a8d0.o(.text.DMA_ChannelInitialize) for [Anonymous Symbol]
    lto-llvm-a9a8d0.o(.ARM.exidx.text.DMA1_Channel1_IRQHandler) refers to lto-llvm-a9a8d0.o(.text.DMA1_Channel1_IRQHandler) for [Anonymous Symbol]
    lto-llvm-a9a8d0.o(.text.DMA1_Channel2_IRQHandler) refers to lto-llvm-a9a8d0.o(.bss.SPI1_TransferInfo) for SPI1_TransferInfo
    lto-llvm-a9a8d0.o(.text.DMA1_Channel2_IRQHandler) refers to lto-llvm-a9a8d0.o(.bss.SPI1_Info.1.0) for SPI1_Info.1.0
    lto-llvm-a9a8d0.o(.ARM.exidx.text.DMA1_Channel2_IRQHandler) refers to lto-llvm-a9a8d0.o(.text.DMA1_Channel2_IRQHandler) for [Anonymous Symbol]
    lto-llvm-a9a8d0.o(.text.DMA1_Channel3_IRQHandler) refers to lto-llvm-a9a8d0.o(.bss.SPI1_TransferInfo) for SPI1_TransferInfo
    lto-llvm-a9a8d0.o(.ARM.exidx.text.DMA1_Channel3_IRQHandler) refers to lto-llvm-a9a8d0.o(.text.DMA1_Channel3_IRQHandler) for [Anonymous Symbol]
    lto-llvm-a9a8d0.o(.ARM.exidx.text.DMA1_Channel4_IRQHandler) refers to lto-llvm-a9a8d0.o(.text.DMA1_Channel4_IRQHandler) for [Anonymous Symbol]
    lto-llvm-a9a8d0.o(.ARM.exidx.text.DMA1_Channel5_IRQHandler) refers to lto-llvm-a9a8d0.o(.text.DMA1_Channel5_IRQHandler) for [Anonymous Symbol]
    lto-llvm-a9a8d0.o(.ARM.exidx.text.DMA1_Channel6_IRQHandler) refers to lto-llvm-a9a8d0.o(.text.DMA1_Channel6_IRQHandler) for [Anonymous Symbol]
    lto-llvm-a9a8d0.o(.ARM.exidx.text.DMA1_Channel7_IRQHandler) refers to lto-llvm-a9a8d0.o(.text.DMA1_Channel7_IRQHandler) for [Anonymous Symbol]
    lto-llvm-a9a8d0.o(.text.SPI1_Send) refers to lto-llvm-a9a8d0.o(.bss.SPI1_Info.2) for SPI1_Info.2
    lto-llvm-a9a8d0.o(.text.SPI1_Send) refers to lto-llvm-a9a8d0.o(.bss.SPI1_Info.1.0) for SPI1_Info.1.0
    lto-llvm-a9a8d0.o(.text.SPI1_Send) refers to lto-llvm-a9a8d0.o(.bss.SPI1_Info.3) for SPI1_Info.3
    lto-llvm-a9a8d0.o(.text.SPI1_Send) refers to lto-llvm-a9a8d0.o(.bss.SPI1_TransferInfo) for SPI1_TransferInfo
    lto-llvm-a9a8d0.o(.ARM.exidx.text.SPI1_Send) refers to lto-llvm-a9a8d0.o(.text.SPI1_Send) for [Anonymous Symbol]
    lto-llvm-a9a8d0.o(.text.SPI1_Transfer) refers to lto-llvm-a9a8d0.o(.bss.SPI1_Info.2) for SPI1_Info.2
    lto-llvm-a9a8d0.o(.text.SPI1_Transfer) refers to lto-llvm-a9a8d0.o(.bss.SPI1_Info.1.0) for SPI1_Info.1.0
    lto-llvm-a9a8d0.o(.text.SPI1_Transfer) refers to lto-llvm-a9a8d0.o(.bss.SPI1_TransferInfo) for SPI1_TransferInfo
    lto-llvm-a9a8d0.o(.ARM.exidx.text.SPI1_Transfer) refers to lto-llvm-a9a8d0.o(.text.SPI1_Transfer) for [Anonymous Symbol]
    lto-llvm-a9a8d0.o(.text.SPI1_IRQHandler) refers to lto-llvm-a9a8d0.o(.bss.SPI1_TransferInfo) for SPI1_TransferInfo
    lto-llvm-a9a8d0.o(.text.SPI1_IRQHandler) refers to lto-llvm-a9a8d0.o(.bss.SPI1_Info.1.0) for SPI1_Info.1.0
    lto-llvm-a9a8d0.o(.ARM.exidx.text.SPI1_IRQHandler) refers to lto-llvm-a9a8d0.o(.text.SPI1_IRQHandler) for [Anonymous Symbol]
    lto-llvm-a9a8d0.o(.text.USBD_GetString) refers to lto-llvm-a9a8d0.o(.bss.USBD_StrDesc) for USBD_StrDesc
    lto-llvm-a9a8d0.o(.ARM.exidx.text.USBD_GetString) refers to lto-llvm-a9a8d0.o(.text.USBD_GetString) for [Anonymous Symbol]
    lto-llvm-a9a8d0.o(.text.USBD_MSC_Init) refers to lto-llvm-a9a8d0.o(.text.USBD_LL_OpenEP) for USBD_LL_OpenEP
    lto-llvm-a9a8d0.o(.text.USBD_MSC_Init) refers to lto-llvm-a9a8d0.o(.bss.USBD_static_malloc.mem) for USBD_static_malloc.mem
    lto-llvm-a9a8d0.o(.text.USBD_MSC_Init) refers to lto-llvm-a9a8d0.o(.text.MSC_BOT_Init) for MSC_BOT_Init
    lto-llvm-a9a8d0.o(.ARM.exidx.text.USBD_MSC_Init) refers to lto-llvm-a9a8d0.o(.text.USBD_MSC_Init) for [Anonymous Symbol]
    lto-llvm-a9a8d0.o(.text.USBD_MSC_DeInit) refers to lto-llvm-a9a8d0.o(.text.USBD_LL_CloseEP) for USBD_LL_CloseEP
    lto-llvm-a9a8d0.o(.ARM.exidx.text.USBD_MSC_DeInit) refers to lto-llvm-a9a8d0.o(.text.USBD_MSC_DeInit) for [Anonymous Symbol]
    lto-llvm-a9a8d0.o(.text.USBD_MSC_Setup) refers to lto-llvm-a9a8d0.o(.text.USB_EPStartXfer) for USB_EPStartXfer
    lto-llvm-a9a8d0.o(.text.USBD_MSC_Setup) refers to lto-llvm-a9a8d0.o(.text.USBD_LL_StallEP) for USBD_LL_StallEP
    lto-llvm-a9a8d0.o(.text.USBD_MSC_Setup) refers to lto-llvm-a9a8d0.o(.text.USBD_LL_CloseEP) for USBD_LL_CloseEP
    lto-llvm-a9a8d0.o(.text.USBD_MSC_Setup) refers to lto-llvm-a9a8d0.o(.text.USBD_LL_OpenEP) for USBD_LL_OpenEP
    lto-llvm-a9a8d0.o(.text.USBD_MSC_Setup) refers to lto-llvm-a9a8d0.o(.text.MSC_BOT_CplClrFeature) for MSC_BOT_CplClrFeature
    lto-llvm-a9a8d0.o(.ARM.exidx.text.USBD_MSC_Setup) refers to lto-llvm-a9a8d0.o(.text.USBD_MSC_Setup) for [Anonymous Symbol]
    lto-llvm-a9a8d0.o(.text.USBD_MSC_DataIn) refers to lto-llvm-a9a8d0.o(.text.MSC_BOT_DataIn) for MSC_BOT_DataIn
    lto-llvm-a9a8d0.o(.ARM.exidx.text.USBD_MSC_DataIn) refers to lto-llvm-a9a8d0.o(.text.USBD_MSC_DataIn) for [Anonymous Symbol]
    lto-llvm-a9a8d0.o(.text.USBD_MSC_DataOut) refers to lto-llvm-a9a8d0.o(.text.MSC_BOT_DataOut) for MSC_BOT_DataOut
    lto-llvm-a9a8d0.o(.ARM.exidx.text.USBD_MSC_DataOut) refers to lto-llvm-a9a8d0.o(.text.USBD_MSC_DataOut) for [Anonymous Symbol]
    lto-llvm-a9a8d0.o(.text.USBD_MSC_GetHSCfgDesc) refers to lto-llvm-a9a8d0.o(.data.USBD_MSC_CfgHSDesc) for USBD_MSC_CfgHSDesc
    lto-llvm-a9a8d0.o(.ARM.exidx.text.USBD_MSC_GetHSCfgDesc) refers to lto-llvm-a9a8d0.o(.text.USBD_MSC_GetHSCfgDesc) for [Anonymous Symbol]
    lto-llvm-a9a8d0.o(.text.USBD_MSC_GetFSCfgDesc) refers to lto-llvm-a9a8d0.o(.data.USBD_MSC_CfgFSDesc) for USBD_MSC_CfgFSDesc
    lto-llvm-a9a8d0.o(.ARM.exidx.text.USBD_MSC_GetFSCfgDesc) refers to lto-llvm-a9a8d0.o(.text.USBD_MSC_GetFSCfgDesc) for [Anonymous Symbol]
    lto-llvm-a9a8d0.o(.text.USBD_MSC_GetOtherSpeedCfgDesc) refers to lto-llvm-a9a8d0.o(.data.USBD_MSC_OtherSpeedCfgDesc) for USBD_MSC_OtherSpeedCfgDesc
    lto-llvm-a9a8d0.o(.ARM.exidx.text.USBD_MSC_GetOtherSpeedCfgDesc) refers to lto-llvm-a9a8d0.o(.text.USBD_MSC_GetOtherSpeedCfgDesc) for [Anonymous Symbol]
    lto-llvm-a9a8d0.o(.text.USBD_MSC_GetDeviceQualifierDescriptor) refers to lto-llvm-a9a8d0.o(.data.USBD_MSC_DeviceQualifierDesc) for USBD_MSC_DeviceQualifierDesc
    lto-llvm-a9a8d0.o(.ARM.exidx.text.USBD_MSC_GetDeviceQualifierDescriptor) refers to lto-llvm-a9a8d0.o(.text.USBD_MSC_GetDeviceQualifierDescriptor) for [Anonymous Symbol]
    lto-llvm-a9a8d0.o(.text.MSC_BOT_Init) refers to lto-llvm-a9a8d0.o(.text.USB_EPStartXfer) for USB_EPStartXfer
    lto-llvm-a9a8d0.o(.ARM.exidx.text.MSC_BOT_Init) refers to lto-llvm-a9a8d0.o(.text.MSC_BOT_Init) for [Anonymous Symbol]
    lto-llvm-a9a8d0.o(.text.MSC_BOT_DataIn) refers to lto-llvm-a9a8d0.o(.text.MSC_BOT_SendCSW) for MSC_BOT_SendCSW
    lto-llvm-a9a8d0.o(.text.MSC_BOT_DataIn) refers to lto-llvm-a9a8d0.o(.text.SCSI_ProcessCmd) for SCSI_ProcessCmd
    lto-llvm-a9a8d0.o(.ARM.exidx.text.MSC_BOT_DataIn) refers to lto-llvm-a9a8d0.o(.text.MSC_BOT_DataIn) for [Anonymous Symbol]
    lto-llvm-a9a8d0.o(.text.MSC_BOT_SendCSW) refers to lto-llvm-a9a8d0.o(.text.USB_EPStartXfer) for USB_EPStartXfer
    lto-llvm-a9a8d0.o(.ARM.exidx.text.MSC_BOT_SendCSW) refers to lto-llvm-a9a8d0.o(.text.MSC_BOT_SendCSW) for [Anonymous Symbol]
    lto-llvm-a9a8d0.o(.text.MSC_BOT_DataOut) refers to lto-llvm-a9a8d0.o(.text.MSC_BOT_Abort) for MSC_BOT_Abort
    lto-llvm-a9a8d0.o(.text.MSC_BOT_DataOut) refers to lto-llvm-a9a8d0.o(.text.SCSI_ProcessCmd) for SCSI_ProcessCmd
    lto-llvm-a9a8d0.o(.text.MSC_BOT_DataOut) refers to lto-llvm-a9a8d0.o(.text.USB_EPStartXfer) for USB_EPStartXfer
    lto-llvm-a9a8d0.o(.text.MSC_BOT_DataOut) refers to lto-llvm-a9a8d0.o(.text.MSC_BOT_SendCSW) for MSC_BOT_SendCSW
    lto-llvm-a9a8d0.o(.ARM.exidx.text.MSC_BOT_DataOut) refers to lto-llvm-a9a8d0.o(.text.MSC_BOT_DataOut) for [Anonymous Symbol]
    lto-llvm-a9a8d0.o(.text.MSC_BOT_Abort) refers to lto-llvm-a9a8d0.o(.text.USBD_LL_StallEP) for USBD_LL_StallEP
    lto-llvm-a9a8d0.o(.text.MSC_BOT_Abort) refers to lto-llvm-a9a8d0.o(.text.USB_EPStartXfer) for USB_EPStartXfer
    lto-llvm-a9a8d0.o(.ARM.exidx.text.MSC_BOT_Abort) refers to lto-llvm-a9a8d0.o(.text.MSC_BOT_Abort) for [Anonymous Symbol]
    lto-llvm-a9a8d0.o(.text.MSC_BOT_CplClrFeature) refers to lto-llvm-a9a8d0.o(.text.USBD_LL_StallEP) for USBD_LL_StallEP
    lto-llvm-a9a8d0.o(.text.MSC_BOT_CplClrFeature) refers to lto-llvm-a9a8d0.o(.text.MSC_BOT_SendCSW) for MSC_BOT_SendCSW
    lto-llvm-a9a8d0.o(.ARM.exidx.text.MSC_BOT_CplClrFeature) refers to lto-llvm-a9a8d0.o(.text.MSC_BOT_CplClrFeature) for [Anonymous Symbol]
    lto-llvm-a9a8d0.o(.text.SCSI_ProcessCmd) refers to lto-llvm-a9a8d0.o(.text.USB_EPStartXfer) for USB_EPStartXfer
    lto-llvm-a9a8d0.o(.text.SCSI_ProcessCmd) refers to rt_memclr.o(.text) for __aeabi_memclr
    lto-llvm-a9a8d0.o(.text.SCSI_ProcessCmd) refers to lto-llvm-a9a8d0.o(.text.MSC_BOT_SendCSW) for MSC_BOT_SendCSW
    lto-llvm-a9a8d0.o(.ARM.exidx.text.SCSI_ProcessCmd) refers to lto-llvm-a9a8d0.o(.text.SCSI_ProcessCmd) for [Anonymous Symbol]
    lto-llvm-a9a8d0.o(.data.FS_Desc) refers to lto-llvm-a9a8d0.o(.text.USBD_FS_DeviceDescriptor) for USBD_FS_DeviceDescriptor
    lto-llvm-a9a8d0.o(.data.FS_Desc) refers to lto-llvm-a9a8d0.o(.text.USBD_FS_LangIDStrDescriptor) for USBD_FS_LangIDStrDescriptor
    lto-llvm-a9a8d0.o(.data.FS_Desc) refers to lto-llvm-a9a8d0.o(.text.USBD_FS_ManufacturerStrDescriptor) for USBD_FS_ManufacturerStrDescriptor
    lto-llvm-a9a8d0.o(.data.FS_Desc) refers to lto-llvm-a9a8d0.o(.text.USBD_FS_ProductStrDescriptor) for USBD_FS_ProductStrDescriptor
    lto-llvm-a9a8d0.o(.data.FS_Desc) refers to lto-llvm-a9a8d0.o(.text.USBD_FS_SerialStrDescriptor) for USBD_FS_SerialStrDescriptor
    lto-llvm-a9a8d0.o(.data.FS_Desc) refers to lto-llvm-a9a8d0.o(.text.USBD_FS_ConfigStrDescriptor) for USBD_FS_ConfigStrDescriptor
    lto-llvm-a9a8d0.o(.data.FS_Desc) refers to lto-llvm-a9a8d0.o(.text.USBD_FS_InterfaceStrDescriptor) for USBD_FS_InterfaceStrDescriptor
    lto-llvm-a9a8d0.o(.data.USBD_Storage_Interface_fops_FS) refers to lto-llvm-a9a8d0.o(.text.STORAGE_Init_FS) for STORAGE_Init_FS
    lto-llvm-a9a8d0.o(.data.USBD_Storage_Interface_fops_FS) refers to lto-llvm-a9a8d0.o(.text.STORAGE_GetCapacity_FS) for STORAGE_GetCapacity_FS
    lto-llvm-a9a8d0.o(.data.USBD_Storage_Interface_fops_FS) refers to lto-llvm-a9a8d0.o(.text.STORAGE_IsReady_FS) for STORAGE_IsReady_FS
    lto-llvm-a9a8d0.o(.data.USBD_Storage_Interface_fops_FS) refers to lto-llvm-a9a8d0.o(.text.STORAGE_IsWriteProtected_FS) for STORAGE_IsWriteProtected_FS
    lto-llvm-a9a8d0.o(.data.USBD_Storage_Interface_fops_FS) refers to lto-llvm-a9a8d0.o(.text.STORAGE_Read_FS) for STORAGE_Read_FS
    lto-llvm-a9a8d0.o(.data.USBD_Storage_Interface_fops_FS) refers to lto-llvm-a9a8d0.o(.text.STORAGE_Write_FS) for STORAGE_Write_FS
    lto-llvm-a9a8d0.o(.data.USBD_Storage_Interface_fops_FS) refers to lto-llvm-a9a8d0.o(.text.STORAGE_GetMaxLun_FS) for STORAGE_GetMaxLun_FS
    lto-llvm-a9a8d0.o(.data.USBD_Storage_Interface_fops_FS) refers to lto-llvm-a9a8d0.o(.rodata.STORAGE_Inquirydata_FS) for [Anonymous Symbol]
    lto-llvm-a9a8d0.o(.data.USBD_MSC) refers to lto-llvm-a9a8d0.o(.text.USBD_MSC_Init) for USBD_MSC_Init
    lto-llvm-a9a8d0.o(.data.USBD_MSC) refers to lto-llvm-a9a8d0.o(.text.USBD_MSC_DeInit) for USBD_MSC_DeInit
    lto-llvm-a9a8d0.o(.data.USBD_MSC) refers to lto-llvm-a9a8d0.o(.text.USBD_MSC_Setup) for USBD_MSC_Setup
    lto-llvm-a9a8d0.o(.data.USBD_MSC) refers to lto-llvm-a9a8d0.o(.text.USBD_MSC_DataIn) for USBD_MSC_DataIn
    lto-llvm-a9a8d0.o(.data.USBD_MSC) refers to lto-llvm-a9a8d0.o(.text.USBD_MSC_DataOut) for USBD_MSC_DataOut
    lto-llvm-a9a8d0.o(.data.USBD_MSC) refers to lto-llvm-a9a8d0.o(.text.USBD_MSC_GetHSCfgDesc) for USBD_MSC_GetHSCfgDesc
    lto-llvm-a9a8d0.o(.data.USBD_MSC) refers to lto-llvm-a9a8d0.o(.text.USBD_MSC_GetFSCfgDesc) for USBD_MSC_GetFSCfgDesc
    lto-llvm-a9a8d0.o(.data.USBD_MSC) refers to lto-llvm-a9a8d0.o(.text.USBD_MSC_GetOtherSpeedCfgDesc) for USBD_MSC_GetOtherSpeedCfgDesc
    lto-llvm-a9a8d0.o(.data.USBD_MSC) refers to lto-llvm-a9a8d0.o(.text.USBD_MSC_GetDeviceQualifierDescriptor) for USBD_MSC_GetDeviceQualifierDescriptor
    rt_memclr.o(.text) refers to rt_memclr_w.o(.text) for _memset_w


==============================================================================

Removing Unused input sections from the image.

    Removing lto-llvm-a9a8d0.o(.text), (0 bytes).
    Removing lto-llvm-a9a8d0.o(.ARM.exidx.text.main), (8 bytes).
    Removing lto-llvm-a9a8d0.o(.ARM.exidx.text.HAL_PCD_DataOutStageCallback), (8 bytes).
    Removing lto-llvm-a9a8d0.o(.ARM.exidx.text.HAL_PCD_DataInStageCallback), (8 bytes).
    Removing lto-llvm-a9a8d0.o(.ARM.exidx.text.USBD_LL_OpenEP), (8 bytes).
    Removing lto-llvm-a9a8d0.o(.ARM.exidx.text.USBD_LL_CloseEP), (8 bytes).
    Removing lto-llvm-a9a8d0.o(.ARM.exidx.text.USBD_LL_StallEP), (8 bytes).
    Removing lto-llvm-a9a8d0.o(.ARM.exidx.text.USBD_FS_DeviceDescriptor), (8 bytes).
    Removing lto-llvm-a9a8d0.o(.ARM.exidx.text.USBD_FS_LangIDStrDescriptor), (8 bytes).
    Removing lto-llvm-a9a8d0.o(.ARM.exidx.text.USBD_FS_ManufacturerStrDescriptor), (8 bytes).
    Removing lto-llvm-a9a8d0.o(.ARM.exidx.text.USBD_FS_ProductStrDescriptor), (8 bytes).
    Removing lto-llvm-a9a8d0.o(.ARM.exidx.text.USBD_FS_SerialStrDescriptor), (8 bytes).
    Removing lto-llvm-a9a8d0.o(.ARM.exidx.text.USBD_FS_ConfigStrDescriptor), (8 bytes).
    Removing lto-llvm-a9a8d0.o(.ARM.exidx.text.USBD_FS_InterfaceStrDescriptor), (8 bytes).
    Removing lto-llvm-a9a8d0.o(.ARM.exidx.text.STORAGE_Init_FS), (8 bytes).
    Removing lto-llvm-a9a8d0.o(.ARM.exidx.text.STORAGE_GetCapacity_FS), (8 bytes).
    Removing lto-llvm-a9a8d0.o(.ARM.exidx.text.STORAGE_IsReady_FS), (8 bytes).
    Removing lto-llvm-a9a8d0.o(.ARM.exidx.text.STORAGE_IsWriteProtected_FS), (8 bytes).
    Removing lto-llvm-a9a8d0.o(.ARM.exidx.text.STORAGE_Read_FS), (8 bytes).
    Removing lto-llvm-a9a8d0.o(.ARM.exidx.text.STORAGE_Write_FS), (8 bytes).
    Removing lto-llvm-a9a8d0.o(.ARM.exidx.text.STORAGE_GetMaxLun_FS), (8 bytes).
    Removing lto-llvm-a9a8d0.o(.ARM.exidx.text.NMI_Handler), (8 bytes).
    Removing lto-llvm-a9a8d0.o(.ARM.exidx.text.HardFault_Handler), (8 bytes).
    Removing lto-llvm-a9a8d0.o(.ARM.exidx.text.MemManage_Handler), (8 bytes).
    Removing lto-llvm-a9a8d0.o(.ARM.exidx.text.BusFault_Handler), (8 bytes).
    Removing lto-llvm-a9a8d0.o(.ARM.exidx.text.UsageFault_Handler), (8 bytes).
    Removing lto-llvm-a9a8d0.o(.ARM.exidx.text.SVC_Handler), (8 bytes).
    Removing lto-llvm-a9a8d0.o(.ARM.exidx.text.DebugMon_Handler), (8 bytes).
    Removing lto-llvm-a9a8d0.o(.ARM.exidx.text.PendSV_Handler), (8 bytes).
    Removing lto-llvm-a9a8d0.o(.ARM.exidx.text.SysTick_Handler), (8 bytes).
    Removing lto-llvm-a9a8d0.o(.ARM.exidx.text.USB_LP_CAN1_RX0_IRQHandler), (8 bytes).
    Removing lto-llvm-a9a8d0.o(.ARM.exidx.text.ReadData), (8 bytes).
    Removing lto-llvm-a9a8d0.o(.ARM.exidx.text.ProgramData), (8 bytes).
    Removing lto-llvm-a9a8d0.o(.ARM.exidx.text.EraseSector), (8 bytes).
    Removing lto-llvm-a9a8d0.o(.ARM.exidx.text.ReadStatusReg), (8 bytes).
    Removing lto-llvm-a9a8d0.o(.ARM.exidx.text.SetWriteEnable), (8 bytes).
    Removing lto-llvm-a9a8d0.o(.ARM.exidx.text.SendCmd), (8 bytes).
    Removing lto-llvm-a9a8d0.o(.ARM.exidx.text.USB_EPStartXfer), (8 bytes).
    Removing lto-llvm-a9a8d0.o(.ARM.exidx.text.HAL_InitTick), (8 bytes).
    Removing lto-llvm-a9a8d0.o(.ARM.exidx.text.HAL_GPIO_Init), (8 bytes).
    Removing lto-llvm-a9a8d0.o(.ARM.exidx.text.SystemInit), (8 bytes).
    Removing lto-llvm-a9a8d0.o(.ARM.exidx.text.DMA_ChannelInitialize), (8 bytes).
    Removing lto-llvm-a9a8d0.o(.ARM.exidx.text.DMA1_Channel1_IRQHandler), (8 bytes).
    Removing lto-llvm-a9a8d0.o(.ARM.exidx.text.DMA1_Channel2_IRQHandler), (8 bytes).
    Removing lto-llvm-a9a8d0.o(.ARM.exidx.text.DMA1_Channel3_IRQHandler), (8 bytes).
    Removing lto-llvm-a9a8d0.o(.ARM.exidx.text.DMA1_Channel4_IRQHandler), (8 bytes).
    Removing lto-llvm-a9a8d0.o(.ARM.exidx.text.DMA1_Channel5_IRQHandler), (8 bytes).
    Removing lto-llvm-a9a8d0.o(.ARM.exidx.text.DMA1_Channel6_IRQHandler), (8 bytes).
    Removing lto-llvm-a9a8d0.o(.ARM.exidx.text.DMA1_Channel7_IRQHandler), (8 bytes).
    Removing lto-llvm-a9a8d0.o(.ARM.exidx.text.SPI1_Send), (8 bytes).
    Removing lto-llvm-a9a8d0.o(.ARM.exidx.text.SPI1_Transfer), (8 bytes).
    Removing lto-llvm-a9a8d0.o(.ARM.exidx.text.SPI1_IRQHandler), (8 bytes).
    Removing lto-llvm-a9a8d0.o(.ARM.exidx.text.USBD_GetString), (8 bytes).
    Removing lto-llvm-a9a8d0.o(.ARM.exidx.text.USBD_MSC_Init), (8 bytes).
    Removing lto-llvm-a9a8d0.o(.ARM.exidx.text.USBD_MSC_DeInit), (8 bytes).
    Removing lto-llvm-a9a8d0.o(.ARM.exidx.text.USBD_MSC_Setup), (8 bytes).
    Removing lto-llvm-a9a8d0.o(.ARM.exidx.text.USBD_MSC_DataIn), (8 bytes).
    Removing lto-llvm-a9a8d0.o(.ARM.exidx.text.USBD_MSC_DataOut), (8 bytes).
    Removing lto-llvm-a9a8d0.o(.ARM.exidx.text.USBD_MSC_GetHSCfgDesc), (8 bytes).
    Removing lto-llvm-a9a8d0.o(.ARM.exidx.text.USBD_MSC_GetFSCfgDesc), (8 bytes).
    Removing lto-llvm-a9a8d0.o(.ARM.exidx.text.USBD_MSC_GetOtherSpeedCfgDesc), (8 bytes).
    Removing lto-llvm-a9a8d0.o(.ARM.exidx.text.USBD_MSC_GetDeviceQualifierDescriptor), (8 bytes).
    Removing lto-llvm-a9a8d0.o(.ARM.exidx.text.MSC_BOT_Init), (8 bytes).
    Removing lto-llvm-a9a8d0.o(.ARM.exidx.text.MSC_BOT_DataIn), (8 bytes).
    Removing lto-llvm-a9a8d0.o(.ARM.exidx.text.MSC_BOT_SendCSW), (8 bytes).
    Removing lto-llvm-a9a8d0.o(.ARM.exidx.text.MSC_BOT_DataOut), (8 bytes).
    Removing lto-llvm-a9a8d0.o(.ARM.exidx.text.MSC_BOT_Abort), (8 bytes).
    Removing lto-llvm-a9a8d0.o(.ARM.exidx.text.MSC_BOT_CplClrFeature), (8 bytes).
    Removing lto-llvm-a9a8d0.o(.ARM.exidx.text.SCSI_ProcessCmd), (8 bytes).
    Removing lto-llvm-a9a8d0.o(.ARM.use_no_argv), (4 bytes).

70 unused section(s) (total 548 bytes) removed from the image.

==============================================================================

Image Symbol Table

    Local Symbols

    Symbol Name                              Value     Ov Type        Size  Object(Section)

    ../clib/angel/boardlib.s                 0x00000000   Number         0  boardinit1.o ABSOLUTE
    ../clib/angel/boardlib.s                 0x00000000   Number         0  boardinit2.o ABSOLUTE
    ../clib/angel/boardlib.s                 0x00000000   Number         0  boardinit3.o ABSOLUTE
    ../clib/angel/boardlib.s                 0x00000000   Number         0  boardshut.o ABSOLUTE
    ../clib/angel/handlers.s                 0x00000000   Number         0  __scatter_copy.o ABSOLUTE
    ../clib/angel/handlers.s                 0x00000000   Number         0  __scatter_zi.o ABSOLUTE
    ../clib/angel/kernel.s                   0x00000000   Number         0  __rtentry.o ABSOLUTE
    ../clib/angel/kernel.s                   0x00000000   Number         0  __rtentry2.o ABSOLUTE
    ../clib/angel/kernel.s                   0x00000000   Number         0  __rtentry4.o ABSOLUTE
    ../clib/angel/kernel.s                   0x00000000   Number         0  rtexit.o ABSOLUTE
    ../clib/angel/kernel.s                   0x00000000   Number         0  rtexit2.o ABSOLUTE
    ../clib/angel/rt.s                       0x00000000   Number         0  rt_raise.o ABSOLUTE
    ../clib/angel/scatter.s                  0x00000000   Number         0  __scatter.o ABSOLUTE
    ../clib/angel/startup.s                  0x00000000   Number         0  __main.o ABSOLUTE
    ../clib/angel/sys.s                      0x00000000   Number         0  sys_stackheap_outer.o ABSOLUTE
    ../clib/angel/sys.s                      0x00000000   Number         0  libspace.o ABSOLUTE
    ../clib/angel/sys.s                      0x00000000   Number         0  use_no_semi.o ABSOLUTE
    ../clib/angel/sys.s                      0x00000000   Number         0  indicate_semi.o ABSOLUTE
    ../clib/angel/sysapp.c                   0x00000000   Number         0  sys_exit.o ABSOLUTE
    ../clib/angel/sysapp.c                   0x00000000   Number         0  sys_exit_hlt.o ABSOLUTE
    ../clib/angel/sysapp.c                   0x00000000   Number         0  sys_command.o ABSOLUTE
    ../clib/angel/sysapp.c                   0x00000000   Number         0  sys_command_hlt.o ABSOLUTE
    ../clib/angel/sysapp.c                   0x00000000   Number         0  sys_wrch.o ABSOLUTE
    ../clib/angel/sysapp.c                   0x00000000   Number         0  sys_wrch_hlt.o ABSOLUTE
    ../clib/armsys.c                         0x00000000   Number         0  argv_veneer.o ABSOLUTE
    ../clib/armsys.c                         0x00000000   Number         0  argv_veneer.o ABSOLUTE
    ../clib/armsys.c                         0x00000000   Number         0  _get_argv_nomalloc.o ABSOLUTE
    ../clib/armsys.c                         0x00000000   Number         0  no_argv.o ABSOLUTE
    ../clib/heapalloc.c                      0x00000000   Number         0  hrguard.o ABSOLUTE
    ../clib/heapaux.c                        0x00000000   Number         0  heapauxi.o ABSOLUTE
    ../clib/libinit.s                        0x00000000   Number         0  libinit.o ABSOLUTE
    ../clib/libinit.s                        0x00000000   Number         0  libinit2.o ABSOLUTE
    ../clib/libinit.s                        0x00000000   Number         0  libshutdown.o ABSOLUTE
    ../clib/libinit.s                        0x00000000   Number         0  libshutdown2.o ABSOLUTE
    ../clib/memcpset.s                       0x00000000   Number         0  rt_memclr.o ABSOLUTE
    ../clib/memcpset.s                       0x00000000   Number         0  rt_memclr_w.o ABSOLUTE
    ../clib/signal.c                         0x00000000   Number         0  defsig_rtmem_outer.o ABSOLUTE
    ../clib/signal.c                         0x00000000   Number         0  defsig_rtmem_formal.o ABSOLUTE
    ../clib/signal.c                         0x00000000   Number         0  defsig_exit.o ABSOLUTE
    ../clib/signal.c                         0x00000000   Number         0  defsig_rtmem_inner.o ABSOLUTE
    ../clib/signal.c                         0x00000000   Number         0  __raise.o ABSOLUTE
    ../clib/signal.c                         0x00000000   Number         0  defsig_general.o ABSOLUTE
    ../clib/signal.c                         0x00000000   Number         0  defsig_abrt_inner.o ABSOLUTE
    ../clib/signal.c                         0x00000000   Number         0  defsig_fpe_inner.o ABSOLUTE
    ../clib/signal.c                         0x00000000   Number         0  defsig_rtred_inner.o ABSOLUTE
    ../clib/signal.c                         0x00000000   Number         0  defsig_stak_inner.o ABSOLUTE
    ../clib/signal.c                         0x00000000   Number         0  defsig_pvfn_inner.o ABSOLUTE
    ../clib/signal.c                         0x00000000   Number         0  defsig_cppl_inner.o ABSOLUTE
    ../clib/signal.c                         0x00000000   Number         0  defsig_segv_inner.o ABSOLUTE
    ../clib/signal.c                         0x00000000   Number         0  defsig_other.o ABSOLUTE
    ../clib/signal.s                         0x00000000   Number         0  defsig.o ABSOLUTE
    ../clib/stdlib.c                         0x00000000   Number         0  exit.o ABSOLUTE
    ../clib/string.c                         0x00000000   Number         0  memcmp.o ABSOLUTE
    ../fplib/fpinit.s                        0x00000000   Number         0  fpinit.o ABSOLUTE
    dc.s                                     0x00000000   Number         0  dc.o ABSOLUTE
    ld-temp.o                                0x00000000   Number         0  lto-llvm-a9a8d0.o ABSOLUTE
    startup_stm32f103xb.s                    0x00000000   Number         0  startup_stm32f103xb.o ABSOLUTE
    RESET                                    0x08000000   Section      236  startup_stm32f103xb.o(RESET)
    !!!main                                  0x080000ec   Section        8  __main.o(!!!main)
    !!!scatter                               0x080000f4   Section       52  __scatter.o(!!!scatter)
    !!handler_copy                           0x08000128   Section       26  __scatter_copy.o(!!handler_copy)
    !!handler_zi                             0x08000144   Section       28  __scatter_zi.o(!!handler_zi)
    .ARM.Collect$$libinit$$00000000          0x08000160   Section        2  libinit.o(.ARM.Collect$$libinit$$00000000)
    .ARM.Collect$$libinit$$00000002          0x08000162   Section        0  libinit2.o(.ARM.Collect$$libinit$$00000002)
    .ARM.Collect$$libinit$$00000004          0x08000162   Section        0  libinit2.o(.ARM.Collect$$libinit$$00000004)
    .ARM.Collect$$libinit$$0000000A          0x08000162   Section        0  libinit2.o(.ARM.Collect$$libinit$$0000000A)
    .ARM.Collect$$libinit$$0000000C          0x08000162   Section        0  libinit2.o(.ARM.Collect$$libinit$$0000000C)
    .ARM.Collect$$libinit$$0000000E          0x08000162   Section        0  libinit2.o(.ARM.Collect$$libinit$$0000000E)
    .ARM.Collect$$libinit$$00000011          0x08000162   Section        0  libinit2.o(.ARM.Collect$$libinit$$00000011)
    .ARM.Collect$$libinit$$00000013          0x08000162   Section        0  libinit2.o(.ARM.Collect$$libinit$$00000013)
    .ARM.Collect$$libinit$$00000015          0x08000162   Section        0  libinit2.o(.ARM.Collect$$libinit$$00000015)
    .ARM.Collect$$libinit$$00000017          0x08000162   Section        0  libinit2.o(.ARM.Collect$$libinit$$00000017)
    .ARM.Collect$$libinit$$00000019          0x08000162   Section        0  libinit2.o(.ARM.Collect$$libinit$$00000019)
    .ARM.Collect$$libinit$$0000001B          0x08000162   Section        0  libinit2.o(.ARM.Collect$$libinit$$0000001B)
    .ARM.Collect$$libinit$$0000001D          0x08000162   Section        0  libinit2.o(.ARM.Collect$$libinit$$0000001D)
    .ARM.Collect$$libinit$$0000001F          0x08000162   Section        0  libinit2.o(.ARM.Collect$$libinit$$0000001F)
    .ARM.Collect$$libinit$$00000021          0x08000162   Section        0  libinit2.o(.ARM.Collect$$libinit$$00000021)
    .ARM.Collect$$libinit$$00000023          0x08000162   Section        0  libinit2.o(.ARM.Collect$$libinit$$00000023)
    .ARM.Collect$$libinit$$00000025          0x08000162   Section        0  libinit2.o(.ARM.Collect$$libinit$$00000025)
    .ARM.Collect$$libinit$$0000002C          0x08000162   Section        0  libinit2.o(.ARM.Collect$$libinit$$0000002C)
    .ARM.Collect$$libinit$$0000002E          0x08000162   Section        0  libinit2.o(.ARM.Collect$$libinit$$0000002E)
    .ARM.Collect$$libinit$$00000030          0x08000162   Section        0  libinit2.o(.ARM.Collect$$libinit$$00000030)
    .ARM.Collect$$libinit$$00000032          0x08000162   Section        0  libinit2.o(.ARM.Collect$$libinit$$00000032)
    .ARM.Collect$$libinit$$00000033          0x08000162   Section        2  libinit2.o(.ARM.Collect$$libinit$$00000033)
    .ARM.Collect$$libshutdown$$00000000      0x08000164   Section        2  libshutdown.o(.ARM.Collect$$libshutdown$$00000000)
    .ARM.Collect$$libshutdown$$00000002      0x08000166   Section        0  libshutdown2.o(.ARM.Collect$$libshutdown$$00000002)
    .ARM.Collect$$libshutdown$$00000004      0x08000166   Section        0  libshutdown2.o(.ARM.Collect$$libshutdown$$00000004)
    .ARM.Collect$$libshutdown$$00000007      0x08000166   Section        0  libshutdown2.o(.ARM.Collect$$libshutdown$$00000007)
    .ARM.Collect$$libshutdown$$0000000A      0x08000166   Section        0  libshutdown2.o(.ARM.Collect$$libshutdown$$0000000A)
    .ARM.Collect$$libshutdown$$0000000C      0x08000166   Section        0  libshutdown2.o(.ARM.Collect$$libshutdown$$0000000C)
    .ARM.Collect$$libshutdown$$0000000F      0x08000166   Section        0  libshutdown2.o(.ARM.Collect$$libshutdown$$0000000F)
    .ARM.Collect$$libshutdown$$00000010      0x08000166   Section        2  libshutdown2.o(.ARM.Collect$$libshutdown$$00000010)
    .ARM.Collect$$rtentry$$00000000          0x08000168   Section        0  __rtentry.o(.ARM.Collect$$rtentry$$00000000)
    .ARM.Collect$$rtentry$$00000002          0x08000168   Section        0  __rtentry2.o(.ARM.Collect$$rtentry$$00000002)
    .ARM.Collect$$rtentry$$00000004          0x08000168   Section        6  __rtentry4.o(.ARM.Collect$$rtentry$$00000004)
    .ARM.Collect$$rtentry$$00000009          0x0800016e   Section        0  __rtentry2.o(.ARM.Collect$$rtentry$$00000009)
    .ARM.Collect$$rtentry$$0000000A          0x0800016e   Section        4  __rtentry2.o(.ARM.Collect$$rtentry$$0000000A)
    .ARM.Collect$$rtentry$$0000000C          0x08000172   Section        0  __rtentry2.o(.ARM.Collect$$rtentry$$0000000C)
    .ARM.Collect$$rtentry$$0000000D          0x08000172   Section        8  __rtentry2.o(.ARM.Collect$$rtentry$$0000000D)
    .ARM.Collect$$rtexit$$00000000           0x0800017a   Section        2  rtexit.o(.ARM.Collect$$rtexit$$00000000)
    .ARM.Collect$$rtexit$$00000002           0x0800017c   Section        0  rtexit2.o(.ARM.Collect$$rtexit$$00000002)
    .ARM.Collect$$rtexit$$00000003           0x0800017c   Section        4  rtexit2.o(.ARM.Collect$$rtexit$$00000003)
    .ARM.Collect$$rtexit$$00000004           0x08000180   Section        6  rtexit2.o(.ARM.Collect$$rtexit$$00000004)
    .text                                    0x08000188   Section       64  startup_stm32f103xb.o(.text)
    .text                                    0x080001c8   Section        0  memcmp.o(.text)
    .text                                    0x08000220   Section        0  heapauxi.o(.text)
    .text                                    0x08000226   Section       74  sys_stackheap_outer.o(.text)
    .text                                    0x08000270   Section        0  exit.o(.text)
    .text                                    0x08000284   Section        8  libspace.o(.text)
    .text                                    0x0800028c   Section        0  sys_exit.o(.text)
    .text                                    0x08000298   Section        2  use_no_semi.o(.text)
    .text                                    0x0800029a   Section        0  indicate_semi.o(.text)
    .text                                    0x0800029a   Section       68  rt_memclr.o(.text)
    .text                                    0x080002de   Section       78  rt_memclr_w.o(.text)
    [Anonymous Symbol]                       0x0800032c   Section        0  lto-llvm-a9a8d0.o(.text.BusFault_Handler)
    [Anonymous Symbol]                       0x0800032e   Section        0  lto-llvm-a9a8d0.o(.text.DMA1_Channel1_IRQHandler)
    [Anonymous Symbol]                       0x0800033e   Section        0  lto-llvm-a9a8d0.o(.text.DMA1_Channel2_IRQHandler)
    [Anonymous Symbol]                       0x08000378   Section        0  lto-llvm-a9a8d0.o(.text.DMA1_Channel3_IRQHandler)
    [Anonymous Symbol]                       0x080003a4   Section        0  lto-llvm-a9a8d0.o(.text.DMA1_Channel4_IRQHandler)
    [Anonymous Symbol]                       0x080003b4   Section        0  lto-llvm-a9a8d0.o(.text.DMA1_Channel5_IRQHandler)
    [Anonymous Symbol]                       0x080003c4   Section        0  lto-llvm-a9a8d0.o(.text.DMA1_Channel6_IRQHandler)
    [Anonymous Symbol]                       0x080003d4   Section        0  lto-llvm-a9a8d0.o(.text.DMA1_Channel7_IRQHandler)
    DMA_ChannelInitialize                    0x080003e5   Thumb Code   174  lto-llvm-a9a8d0.o(.text.DMA_ChannelInitialize)
    [Anonymous Symbol]                       0x080003e4   Section        0  lto-llvm-a9a8d0.o(.text.DMA_ChannelInitialize)
    [Anonymous Symbol]                       0x08000492   Section        0  lto-llvm-a9a8d0.o(.text.DebugMon_Handler)
    EraseSector                              0x08000495   Thumb Code    90  lto-llvm-a9a8d0.o(.text.EraseSector)
    [Anonymous Symbol]                       0x08000494   Section        0  lto-llvm-a9a8d0.o(.text.EraseSector)
    HAL_GPIO_Init                            0x080004f1   Thumb Code   510  lto-llvm-a9a8d0.o(.text.HAL_GPIO_Init)
    [Anonymous Symbol]                       0x080004f0   Section        0  lto-llvm-a9a8d0.o(.text.HAL_GPIO_Init)
    HAL_InitTick                             0x080006ef   Thumb Code    74  lto-llvm-a9a8d0.o(.text.HAL_InitTick)
    [Anonymous Symbol]                       0x080006ee   Section        0  lto-llvm-a9a8d0.o(.text.HAL_InitTick)
    HAL_PCD_DataInStageCallback              0x08000739   Thumb Code   254  lto-llvm-a9a8d0.o(.text.HAL_PCD_DataInStageCallback)
    [Anonymous Symbol]                       0x08000738   Section        0  lto-llvm-a9a8d0.o(.text.HAL_PCD_DataInStageCallback)
    HAL_PCD_DataOutStageCallback             0x08000837   Thumb Code   174  lto-llvm-a9a8d0.o(.text.HAL_PCD_DataOutStageCallback)
    [Anonymous Symbol]                       0x08000836   Section        0  lto-llvm-a9a8d0.o(.text.HAL_PCD_DataOutStageCallback)
    [Anonymous Symbol]                       0x080008e4   Section        0  lto-llvm-a9a8d0.o(.text.HardFault_Handler)
    MSC_BOT_Abort                            0x080008e7   Thumb Code   100  lto-llvm-a9a8d0.o(.text.MSC_BOT_Abort)
    [Anonymous Symbol]                       0x080008e6   Section        0  lto-llvm-a9a8d0.o(.text.MSC_BOT_Abort)
    MSC_BOT_CplClrFeature                    0x0800094b   Thumb Code    48  lto-llvm-a9a8d0.o(.text.MSC_BOT_CplClrFeature)
    [Anonymous Symbol]                       0x0800094a   Section        0  lto-llvm-a9a8d0.o(.text.MSC_BOT_CplClrFeature)
    MSC_BOT_DataIn                           0x0800097b   Thumb Code    72  lto-llvm-a9a8d0.o(.text.MSC_BOT_DataIn)
    [Anonymous Symbol]                       0x0800097a   Section        0  lto-llvm-a9a8d0.o(.text.MSC_BOT_DataIn)
    MSC_BOT_DataOut                          0x080009c3   Thumb Code   318  lto-llvm-a9a8d0.o(.text.MSC_BOT_DataOut)
    [Anonymous Symbol]                       0x080009c2   Section        0  lto-llvm-a9a8d0.o(.text.MSC_BOT_DataOut)
    MSC_BOT_Init                             0x08000b01   Thumb Code    80  lto-llvm-a9a8d0.o(.text.MSC_BOT_Init)
    [Anonymous Symbol]                       0x08000b00   Section        0  lto-llvm-a9a8d0.o(.text.MSC_BOT_Init)
    MSC_BOT_SendCSW                          0x08000b51   Thumb Code   102  lto-llvm-a9a8d0.o(.text.MSC_BOT_SendCSW)
    [Anonymous Symbol]                       0x08000b50   Section        0  lto-llvm-a9a8d0.o(.text.MSC_BOT_SendCSW)
    [Anonymous Symbol]                       0x08000bb8   Section        0  lto-llvm-a9a8d0.o(.text.MemManage_Handler)
    [Anonymous Symbol]                       0x08000bba   Section        0  lto-llvm-a9a8d0.o(.text.NMI_Handler)
    [Anonymous Symbol]                       0x08000bbc   Section        0  lto-llvm-a9a8d0.o(.text.PendSV_Handler)
    ProgramData                              0x08000bc1   Thumb Code   384  lto-llvm-a9a8d0.o(.text.ProgramData)
    [Anonymous Symbol]                       0x08000bc0   Section        0  lto-llvm-a9a8d0.o(.text.ProgramData)
    ReadData                                 0x08000d41   Thumb Code   336  lto-llvm-a9a8d0.o(.text.ReadData)
    [Anonymous Symbol]                       0x08000d40   Section        0  lto-llvm-a9a8d0.o(.text.ReadData)
    ReadStatusReg                            0x08000e91   Thumb Code   164  lto-llvm-a9a8d0.o(.text.ReadStatusReg)
    [Anonymous Symbol]                       0x08000e90   Section        0  lto-llvm-a9a8d0.o(.text.ReadStatusReg)
    SCSI_ProcessCmd                          0x08000f35   Thumb Code  1528  lto-llvm-a9a8d0.o(.text.SCSI_ProcessCmd)
    [Anonymous Symbol]                       0x08000f34   Section        0  lto-llvm-a9a8d0.o(.text.SCSI_ProcessCmd)
    MSC_Mode_Sense10_data                    0x08001514   Number         0  lto-llvm-a9a8d0.o(.text.SCSI_ProcessCmd)
    MSC_Mode_Sense6_data                     0x0800151c   Number         0  lto-llvm-a9a8d0.o(.text.SCSI_ProcessCmd)
    MSC_Page00_Inquiry_Data                  0x08001524   Number         0  lto-llvm-a9a8d0.o(.text.SCSI_ProcessCmd)
    [Anonymous Symbol]                       0x0800152c   Section        0  lto-llvm-a9a8d0.o(.text.SPI1_IRQHandler)
    SPI1_Send                                0x080016af   Thumb Code   206  lto-llvm-a9a8d0.o(.text.SPI1_Send)
    [Anonymous Symbol]                       0x080016ae   Section        0  lto-llvm-a9a8d0.o(.text.SPI1_Send)
    SPI1_Transfer                            0x0800177d   Thumb Code   188  lto-llvm-a9a8d0.o(.text.SPI1_Transfer)
    [Anonymous Symbol]                       0x0800177c   Section        0  lto-llvm-a9a8d0.o(.text.SPI1_Transfer)
    STORAGE_GetCapacity_FS                   0x08001839   Thumb Code    18  lto-llvm-a9a8d0.o(.text.STORAGE_GetCapacity_FS)
    [Anonymous Symbol]                       0x08001838   Section        0  lto-llvm-a9a8d0.o(.text.STORAGE_GetCapacity_FS)
    STORAGE_GetMaxLun_FS                     0x0800184b   Thumb Code     4  lto-llvm-a9a8d0.o(.text.STORAGE_GetMaxLun_FS)
    [Anonymous Symbol]                       0x0800184a   Section        0  lto-llvm-a9a8d0.o(.text.STORAGE_GetMaxLun_FS)
    STORAGE_Init_FS                          0x0800184f   Thumb Code     4  lto-llvm-a9a8d0.o(.text.STORAGE_Init_FS)
    [Anonymous Symbol]                       0x0800184e   Section        0  lto-llvm-a9a8d0.o(.text.STORAGE_Init_FS)
    STORAGE_IsReady_FS                       0x08001853   Thumb Code     4  lto-llvm-a9a8d0.o(.text.STORAGE_IsReady_FS)
    [Anonymous Symbol]                       0x08001852   Section        0  lto-llvm-a9a8d0.o(.text.STORAGE_IsReady_FS)
    STORAGE_IsWriteProtected_FS              0x08001857   Thumb Code     4  lto-llvm-a9a8d0.o(.text.STORAGE_IsWriteProtected_FS)
    [Anonymous Symbol]                       0x08001856   Section        0  lto-llvm-a9a8d0.o(.text.STORAGE_IsWriteProtected_FS)
    STORAGE_Read_FS                          0x0800185b   Thumb Code    28  lto-llvm-a9a8d0.o(.text.STORAGE_Read_FS)
    [Anonymous Symbol]                       0x0800185a   Section        0  lto-llvm-a9a8d0.o(.text.STORAGE_Read_FS)
    STORAGE_Write_FS                         0x08001877   Thumb Code    44  lto-llvm-a9a8d0.o(.text.STORAGE_Write_FS)
    [Anonymous Symbol]                       0x08001876   Section        0  lto-llvm-a9a8d0.o(.text.STORAGE_Write_FS)
    [Anonymous Symbol]                       0x080018a2   Section        0  lto-llvm-a9a8d0.o(.text.SVC_Handler)
    SendCmd                                  0x080018a5   Thumb Code   156  lto-llvm-a9a8d0.o(.text.SendCmd)
    [Anonymous Symbol]                       0x080018a4   Section        0  lto-llvm-a9a8d0.o(.text.SendCmd)
    SetWriteEnable                           0x08001941   Thumb Code    74  lto-llvm-a9a8d0.o(.text.SetWriteEnable)
    [Anonymous Symbol]                       0x08001940   Section        0  lto-llvm-a9a8d0.o(.text.SetWriteEnable)
    [Anonymous Symbol]                       0x0800198a   Section        0  lto-llvm-a9a8d0.o(.text.SysTick_Handler)
    [Anonymous Symbol]                       0x0800199a   Section        0  lto-llvm-a9a8d0.o(.text.SystemInit)
    USBD_FS_ConfigStrDescriptor              0x080019ed   Thumb Code    32  lto-llvm-a9a8d0.o(.text.USBD_FS_ConfigStrDescriptor)
    [Anonymous Symbol]                       0x080019ec   Section        0  lto-llvm-a9a8d0.o(.text.USBD_FS_ConfigStrDescriptor)
    USBD_FS_DeviceDescriptor                 0x08001a0d   Thumb Code    14  lto-llvm-a9a8d0.o(.text.USBD_FS_DeviceDescriptor)
    [Anonymous Symbol]                       0x08001a0c   Section        0  lto-llvm-a9a8d0.o(.text.USBD_FS_DeviceDescriptor)
    USBD_FS_InterfaceStrDescriptor           0x08001a1d   Thumb Code    36  lto-llvm-a9a8d0.o(.text.USBD_FS_InterfaceStrDescriptor)
    [Anonymous Symbol]                       0x08001a1c   Section        0  lto-llvm-a9a8d0.o(.text.USBD_FS_InterfaceStrDescriptor)
    USBD_FS_LangIDStrDescriptor              0x08001a41   Thumb Code    14  lto-llvm-a9a8d0.o(.text.USBD_FS_LangIDStrDescriptor)
    [Anonymous Symbol]                       0x08001a40   Section        0  lto-llvm-a9a8d0.o(.text.USBD_FS_LangIDStrDescriptor)
    USBD_FS_ManufacturerStrDescriptor        0x08001a51   Thumb Code    40  lto-llvm-a9a8d0.o(.text.USBD_FS_ManufacturerStrDescriptor)
    [Anonymous Symbol]                       0x08001a50   Section        0  lto-llvm-a9a8d0.o(.text.USBD_FS_ManufacturerStrDescriptor)
    USBD_FS_ProductStrDescriptor             0x08001a79   Thumb Code    40  lto-llvm-a9a8d0.o(.text.USBD_FS_ProductStrDescriptor)
    [Anonymous Symbol]                       0x08001a78   Section        0  lto-llvm-a9a8d0.o(.text.USBD_FS_ProductStrDescriptor)
    USBD_FS_SerialStrDescriptor              0x08001aa1   Thumb Code    36  lto-llvm-a9a8d0.o(.text.USBD_FS_SerialStrDescriptor)
    [Anonymous Symbol]                       0x08001aa0   Section        0  lto-llvm-a9a8d0.o(.text.USBD_FS_SerialStrDescriptor)
    USBD_GetString                           0x08001ac5   Thumb Code    94  lto-llvm-a9a8d0.o(.text.USBD_GetString)
    [Anonymous Symbol]                       0x08001ac4   Section        0  lto-llvm-a9a8d0.o(.text.USBD_GetString)
    USBD_LL_CloseEP                          0x08001b23   Thumb Code   304  lto-llvm-a9a8d0.o(.text.USBD_LL_CloseEP)
    [Anonymous Symbol]                       0x08001b22   Section        0  lto-llvm-a9a8d0.o(.text.USBD_LL_CloseEP)
    USBD_LL_OpenEP                           0x08001c55   Thumb Code   604  lto-llvm-a9a8d0.o(.text.USBD_LL_OpenEP)
    [Anonymous Symbol]                       0x08001c54   Section        0  lto-llvm-a9a8d0.o(.text.USBD_LL_OpenEP)
    USBD_LL_StallEP                          0x08001eb1   Thumb Code   142  lto-llvm-a9a8d0.o(.text.USBD_LL_StallEP)
    [Anonymous Symbol]                       0x08001eb0   Section        0  lto-llvm-a9a8d0.o(.text.USBD_LL_StallEP)
    USBD_MSC_DataIn                          0x08001f3f   Thumb Code    10  lto-llvm-a9a8d0.o(.text.USBD_MSC_DataIn)
    [Anonymous Symbol]                       0x08001f3e   Section        0  lto-llvm-a9a8d0.o(.text.USBD_MSC_DataIn)
    USBD_MSC_DataOut                         0x08001f49   Thumb Code    10  lto-llvm-a9a8d0.o(.text.USBD_MSC_DataOut)
    [Anonymous Symbol]                       0x08001f48   Section        0  lto-llvm-a9a8d0.o(.text.USBD_MSC_DataOut)
    USBD_MSC_DeInit                          0x08001f53   Thumb Code    38  lto-llvm-a9a8d0.o(.text.USBD_MSC_DeInit)
    [Anonymous Symbol]                       0x08001f52   Section        0  lto-llvm-a9a8d0.o(.text.USBD_MSC_DeInit)
    USBD_MSC_GetDeviceQualifierDescriptor    0x08001f79   Thumb Code    14  lto-llvm-a9a8d0.o(.text.USBD_MSC_GetDeviceQualifierDescriptor)
    [Anonymous Symbol]                       0x08001f78   Section        0  lto-llvm-a9a8d0.o(.text.USBD_MSC_GetDeviceQualifierDescriptor)
    USBD_MSC_GetFSCfgDesc                    0x08001f87   Thumb Code    14  lto-llvm-a9a8d0.o(.text.USBD_MSC_GetFSCfgDesc)
    [Anonymous Symbol]                       0x08001f86   Section        0  lto-llvm-a9a8d0.o(.text.USBD_MSC_GetFSCfgDesc)
    USBD_MSC_GetHSCfgDesc                    0x08001f95   Thumb Code    14  lto-llvm-a9a8d0.o(.text.USBD_MSC_GetHSCfgDesc)
    [Anonymous Symbol]                       0x08001f94   Section        0  lto-llvm-a9a8d0.o(.text.USBD_MSC_GetHSCfgDesc)
    USBD_MSC_GetOtherSpeedCfgDesc            0x08001fa3   Thumb Code    14  lto-llvm-a9a8d0.o(.text.USBD_MSC_GetOtherSpeedCfgDesc)
    [Anonymous Symbol]                       0x08001fa2   Section        0  lto-llvm-a9a8d0.o(.text.USBD_MSC_GetOtherSpeedCfgDesc)
    USBD_MSC_Init                            0x08001fb1   Thumb Code    80  lto-llvm-a9a8d0.o(.text.USBD_MSC_Init)
    [Anonymous Symbol]                       0x08001fb0   Section        0  lto-llvm-a9a8d0.o(.text.USBD_MSC_Init)
    USBD_MSC_Setup                           0x08002001   Thumb Code   310  lto-llvm-a9a8d0.o(.text.USBD_MSC_Setup)
    [Anonymous Symbol]                       0x08002000   Section        0  lto-llvm-a9a8d0.o(.text.USBD_MSC_Setup)
    USB_EPStartXfer                          0x08002139   Thumb Code   374  lto-llvm-a9a8d0.o(.text.USB_EPStartXfer)
    [Anonymous Symbol]                       0x08002138   Section        0  lto-llvm-a9a8d0.o(.text.USB_EPStartXfer)
    [Anonymous Symbol]                       0x080022b0   Section        0  lto-llvm-a9a8d0.o(.text.USB_LP_CAN1_RX0_IRQHandler)
    [Anonymous Symbol]                       0x08002e10   Section        0  lto-llvm-a9a8d0.o(.text.UsageFault_Handler)
    [Anonymous Symbol]                       0x08002e14   Section        0  lto-llvm-a9a8d0.o(.text.main)
    AHBPrescTable                            0x08003620   Number         0  lto-llvm-a9a8d0.o(.text.main)
    lbl                                      0x08003630   Number         0  lto-llvm-a9a8d0.o(.text.main)
    STORAGE_Inquirydata_FS                   0x0800363c   Data          36  lto-llvm-a9a8d0.o(.rodata.STORAGE_Inquirydata_FS)
    [Anonymous Symbol]                       0x0800363c   Section        0  lto-llvm-a9a8d0.o(.rodata.STORAGE_Inquirydata_FS)
    FS_Desc                                  0x20000000   Data          28  lto-llvm-a9a8d0.o(.data.FS_Desc)
    [Anonymous Symbol]                       0x20000000   Section        0  lto-llvm-a9a8d0.o(.data.FS_Desc)
    SystemCoreClock                          0x2000001c   Data           4  lto-llvm-a9a8d0.o(.data.SystemCoreClock)
    [Anonymous Symbol]                       0x2000001c   Section        0  lto-llvm-a9a8d0.o(.data.SystemCoreClock)
    USBD_FS_DeviceDesc                       0x20000020   Data          18  lto-llvm-a9a8d0.o(.data.USBD_FS_DeviceDesc)
    [Anonymous Symbol]                       0x20000020   Section        0  lto-llvm-a9a8d0.o(.data.USBD_FS_DeviceDesc)
    USBD_LangIDDesc                          0x20000034   Data           4  lto-llvm-a9a8d0.o(.data.USBD_LangIDDesc)
    [Anonymous Symbol]                       0x20000034   Section        0  lto-llvm-a9a8d0.o(.data.USBD_LangIDDesc)
    USBD_MSC                                 0x20000038   Data          56  lto-llvm-a9a8d0.o(.data.USBD_MSC)
    [Anonymous Symbol]                       0x20000038   Section        0  lto-llvm-a9a8d0.o(.data.USBD_MSC)
    USBD_MSC_CfgFSDesc                       0x20000070   Data          32  lto-llvm-a9a8d0.o(.data.USBD_MSC_CfgFSDesc)
    [Anonymous Symbol]                       0x20000070   Section        0  lto-llvm-a9a8d0.o(.data.USBD_MSC_CfgFSDesc)
    USBD_MSC_CfgHSDesc                       0x20000090   Data          32  lto-llvm-a9a8d0.o(.data.USBD_MSC_CfgHSDesc)
    [Anonymous Symbol]                       0x20000090   Section        0  lto-llvm-a9a8d0.o(.data.USBD_MSC_CfgHSDesc)
    USBD_MSC_DeviceQualifierDesc             0x200000b0   Data          10  lto-llvm-a9a8d0.o(.data.USBD_MSC_DeviceQualifierDesc)
    [Anonymous Symbol]                       0x200000b0   Section        0  lto-llvm-a9a8d0.o(.data.USBD_MSC_DeviceQualifierDesc)
    USBD_MSC_OtherSpeedCfgDesc               0x200000bc   Data          32  lto-llvm-a9a8d0.o(.data.USBD_MSC_OtherSpeedCfgDesc)
    [Anonymous Symbol]                       0x200000bc   Section        0  lto-llvm-a9a8d0.o(.data.USBD_MSC_OtherSpeedCfgDesc)
    USBD_Storage_Interface_fops_FS           0x200000dc   Data          32  lto-llvm-a9a8d0.o(.data.USBD_Storage_Interface_fops_FS)
    [Anonymous Symbol]                       0x200000dc   Section        0  lto-llvm-a9a8d0.o(.data.USBD_Storage_Interface_fops_FS)
    .bss                                     0x20000100   Section       96  libspace.o(.bss)
    DMA1_Channel                             0x20000160   Data           1  lto-llvm-a9a8d0.o(.bss.DMA1_Channel)
    [Anonymous Symbol]                       0x20000160   Section        0  lto-llvm-a9a8d0.o(.bss.DMA1_Channel)
    Flags                                    0x20000161   Data           1  lto-llvm-a9a8d0.o(.bss.Flags)
    [Anonymous Symbol]                       0x20000161   Section        0  lto-llvm-a9a8d0.o(.bss.Flags)
    FlashStatus.0                            0x20000164   Data           4  lto-llvm-a9a8d0.o(.bss.FlashStatus.0)
    [Anonymous Symbol]                       0x20000164   Section        0  lto-llvm-a9a8d0.o(.bss.FlashStatus.0)
    SPI1_Info.1.0                            0x20000168   Data           1  lto-llvm-a9a8d0.o(.bss.SPI1_Info.1.0)
    [Anonymous Symbol]                       0x20000168   Section        0  lto-llvm-a9a8d0.o(.bss.SPI1_Info.1.0)
    SPI1_Info.2                              0x2000016c   Data           1  lto-llvm-a9a8d0.o(.bss.SPI1_Info.2)
    [Anonymous Symbol]                       0x2000016c   Section        0  lto-llvm-a9a8d0.o(.bss.SPI1_Info.2)
    SPI1_Info.3                              0x20000170   Data           1  lto-llvm-a9a8d0.o(.bss.SPI1_Info.3)
    [Anonymous Symbol]                       0x20000170   Section        0  lto-llvm-a9a8d0.o(.bss.SPI1_Info.3)
    SPI1_TransferInfo                        0x20000174   Data          28  lto-llvm-a9a8d0.o(.bss.SPI1_TransferInfo)
    [Anonymous Symbol]                       0x20000174   Section        0  lto-llvm-a9a8d0.o(.bss.SPI1_TransferInfo)
    USBD_SetConfig.cfgidx                    0x20000190   Data           1  lto-llvm-a9a8d0.o(.bss.USBD_SetConfig.cfgidx)
    [Anonymous Symbol]                       0x20000190   Section        0  lto-llvm-a9a8d0.o(.bss.USBD_SetConfig.cfgidx)
    USBD_StrDesc                             0x20000194   Data         512  lto-llvm-a9a8d0.o(.bss.USBD_StrDesc)
    [Anonymous Symbol]                       0x20000194   Section        0  lto-llvm-a9a8d0.o(.bss.USBD_StrDesc)
    USBD_static_malloc.mem                   0x20000394   Data        4208  lto-llvm-a9a8d0.o(.bss.USBD_static_malloc.mem)
    [Anonymous Symbol]                       0x20000394   Section        0  lto-llvm-a9a8d0.o(.bss.USBD_static_malloc.mem)
    buff                                     0x20001404   Data        4096  lto-llvm-a9a8d0.o(.bss.buff)
    [Anonymous Symbol]                       0x20001404   Section        0  lto-llvm-a9a8d0.o(.bss.buff)
    hUsbDeviceFS                             0x20002404   Data         548  lto-llvm-a9a8d0.o(.bss.hUsbDeviceFS)
    [Anonymous Symbol]                       0x20002404   Section        0  lto-llvm-a9a8d0.o(.bss.hUsbDeviceFS)
    hpcd_USB_FS                              0x20002628   Data        1120  lto-llvm-a9a8d0.o(.bss.hpcd_USB_FS)
    [Anonymous Symbol]                       0x20002628   Section        0  lto-llvm-a9a8d0.o(.bss.hpcd_USB_FS)
    jdc_id_.0                                0x20002a88   Data           1  lto-llvm-a9a8d0.o(.bss.jdc_id_.0)
    [Anonymous Symbol]                       0x20002a88   Section        0  lto-llvm-a9a8d0.o(.bss.jdc_id_.0)
    jdc_id_.1                                0x20002a8a   Data           2  lto-llvm-a9a8d0.o(.bss.jdc_id_.1)
    [Anonymous Symbol]                       0x20002a8a   Section        0  lto-llvm-a9a8d0.o(.bss.jdc_id_.1)
    uwTick                                   0x20002a8c   Data           4  lto-llvm-a9a8d0.o(.bss.uwTick)
    [Anonymous Symbol]                       0x20002a8c   Section        0  lto-llvm-a9a8d0.o(.bss.uwTick)
    Heap_Mem                                 0x20002a90   Data         512  startup_stm32f103xb.o(HEAP)
    HEAP                                     0x20002a90   Section      512  startup_stm32f103xb.o(HEAP)
    Stack_Mem                                0x20002c90   Data        2048  startup_stm32f103xb.o(STACK)
    STACK                                    0x20002c90   Section     2048  startup_stm32f103xb.o(STACK)
    __initial_sp                             0x20003490   Data           0  startup_stm32f103xb.o(STACK)

    Global Symbols

    Symbol Name                              Value     Ov Type        Size  Object(Section)

    BuildAttributes$$THM_ISAv4$P$D$K$B$S$PE$A:L22UL41UL21$X:L11$S22US41US21$IEEE1$IW$~IW$USESV6$~STKCKD$USESV7$~SHL$OSPACE$ROPI$IEEEF$EBA8$UX$STANDARDLIB$REQ8$PRES8$EABIv2 0x00000000   Number         0  anon$$obj.o ABSOLUTE
    __ARM_exceptions_init                     - Undefined Weak Reference
    __alloca_initialize                       - Undefined Weak Reference
    __arm_preinit_                            - Undefined Weak Reference
    __cpp_initialize__aeabi_                  - Undefined Weak Reference
    __cxa_finalize                            - Undefined Weak Reference
    __rt_locale                               - Undefined Weak Reference
    __sigvec_lookup                           - Undefined Weak Reference
    _atexit_init                              - Undefined Weak Reference
    _call_atexit_fns                          - Undefined Weak Reference
    _clock_init                               - Undefined Weak Reference
    _fp_trap_init                             - Undefined Weak Reference
    _fp_trap_shutdown                         - Undefined Weak Reference
    _get_lc_collate                           - Undefined Weak Reference
    _get_lc_ctype                             - Undefined Weak Reference
    _get_lc_monetary                          - Undefined Weak Reference
    _get_lc_numeric                           - Undefined Weak Reference
    _get_lc_time                              - Undefined Weak Reference
    _getenv_init                              - Undefined Weak Reference
    _handle_redirection                       - Undefined Weak Reference
    _init_alloc                               - Undefined Weak Reference
    _init_user_alloc                          - Undefined Weak Reference
    _initio                                   - Undefined Weak Reference
    _rand_init                                - Undefined Weak Reference
    _signal_finish                            - Undefined Weak Reference
    _signal_init                              - Undefined Weak Reference
    _terminate_alloc                          - Undefined Weak Reference
    _terminate_user_alloc                     - Undefined Weak Reference
    _terminateio                              - Undefined Weak Reference
    __Vectors_Size                           0x000000ec   Number         0  startup_stm32f103xb.o ABSOLUTE
    __Vectors                                0x08000000   Data           4  startup_stm32f103xb.o(RESET)
    __Vectors_End                            0x080000ec   Data           0  startup_stm32f103xb.o(RESET)
    __main                                   0x080000ed   Thumb Code     8  __main.o(!!!main)
    __scatterload                            0x080000f5   Thumb Code     0  __scatter.o(!!!scatter)
    __scatterload_rt2                        0x080000f5   Thumb Code    44  __scatter.o(!!!scatter)
    __scatterload_rt2_thumb_only             0x080000f5   Thumb Code     0  __scatter.o(!!!scatter)
    __scatterload_null                       0x08000103   Thumb Code     0  __scatter.o(!!!scatter)
    __scatterload_copy                       0x08000129   Thumb Code    26  __scatter_copy.o(!!handler_copy)
    __scatterload_zeroinit                   0x08000145   Thumb Code    28  __scatter_zi.o(!!handler_zi)
    __rt_lib_init                            0x08000161   Thumb Code     0  libinit.o(.ARM.Collect$$libinit$$00000000)
    __rt_lib_init_alloca_1                   0x08000163   Thumb Code     0  libinit2.o(.ARM.Collect$$libinit$$0000002E)
    __rt_lib_init_argv_1                     0x08000163   Thumb Code     0  libinit2.o(.ARM.Collect$$libinit$$0000002C)
    __rt_lib_init_atexit_1                   0x08000163   Thumb Code     0  libinit2.o(.ARM.Collect$$libinit$$0000001B)
    __rt_lib_init_clock_1                    0x08000163   Thumb Code     0  libinit2.o(.ARM.Collect$$libinit$$00000021)
    __rt_lib_init_cpp_1                      0x08000163   Thumb Code     0  libinit2.o(.ARM.Collect$$libinit$$00000032)
    __rt_lib_init_exceptions_1               0x08000163   Thumb Code     0  libinit2.o(.ARM.Collect$$libinit$$00000030)
    __rt_lib_init_fp_1                       0x08000163   Thumb Code     0  libinit2.o(.ARM.Collect$$libinit$$00000002)
    __rt_lib_init_fp_trap_1                  0x08000163   Thumb Code     0  libinit2.o(.ARM.Collect$$libinit$$0000001F)
    __rt_lib_init_getenv_1                   0x08000163   Thumb Code     0  libinit2.o(.ARM.Collect$$libinit$$00000023)
    __rt_lib_init_heap_1                     0x08000163   Thumb Code     0  libinit2.o(.ARM.Collect$$libinit$$0000000A)
    __rt_lib_init_lc_collate_1               0x08000163   Thumb Code     0  libinit2.o(.ARM.Collect$$libinit$$00000011)
    __rt_lib_init_lc_ctype_1                 0x08000163   Thumb Code     0  libinit2.o(.ARM.Collect$$libinit$$00000013)
    __rt_lib_init_lc_monetary_1              0x08000163   Thumb Code     0  libinit2.o(.ARM.Collect$$libinit$$00000015)
    __rt_lib_init_lc_numeric_1               0x08000163   Thumb Code     0  libinit2.o(.ARM.Collect$$libinit$$00000017)
    __rt_lib_init_lc_time_1                  0x08000163   Thumb Code     0  libinit2.o(.ARM.Collect$$libinit$$00000019)
    __rt_lib_init_preinit_1                  0x08000163   Thumb Code     0  libinit2.o(.ARM.Collect$$libinit$$00000004)
    __rt_lib_init_rand_1                     0x08000163   Thumb Code     0  libinit2.o(.ARM.Collect$$libinit$$0000000E)
    __rt_lib_init_return                     0x08000163   Thumb Code     0  libinit2.o(.ARM.Collect$$libinit$$00000033)
    __rt_lib_init_signal_1                   0x08000163   Thumb Code     0  libinit2.o(.ARM.Collect$$libinit$$0000001D)
    __rt_lib_init_stdio_1                    0x08000163   Thumb Code     0  libinit2.o(.ARM.Collect$$libinit$$00000025)
    __rt_lib_init_user_alloc_1               0x08000163   Thumb Code     0  libinit2.o(.ARM.Collect$$libinit$$0000000C)
    __rt_lib_shutdown                        0x08000165   Thumb Code     0  libshutdown.o(.ARM.Collect$$libshutdown$$00000000)
    __rt_lib_shutdown_cpp_1                  0x08000167   Thumb Code     0  libshutdown2.o(.ARM.Collect$$libshutdown$$00000002)
    __rt_lib_shutdown_fp_trap_1              0x08000167   Thumb Code     0  libshutdown2.o(.ARM.Collect$$libshutdown$$00000007)
    __rt_lib_shutdown_heap_1                 0x08000167   Thumb Code     0  libshutdown2.o(.ARM.Collect$$libshutdown$$0000000F)
    __rt_lib_shutdown_return                 0x08000167   Thumb Code     0  libshutdown2.o(.ARM.Collect$$libshutdown$$00000010)
    __rt_lib_shutdown_signal_1               0x08000167   Thumb Code     0  libshutdown2.o(.ARM.Collect$$libshutdown$$0000000A)
    __rt_lib_shutdown_stdio_1                0x08000167   Thumb Code     0  libshutdown2.o(.ARM.Collect$$libshutdown$$00000004)
    __rt_lib_shutdown_user_alloc_1           0x08000167   Thumb Code     0  libshutdown2.o(.ARM.Collect$$libshutdown$$0000000C)
    __rt_entry                               0x08000169   Thumb Code     0  __rtentry.o(.ARM.Collect$$rtentry$$00000000)
    __rt_entry_presh_1                       0x08000169   Thumb Code     0  __rtentry2.o(.ARM.Collect$$rtentry$$00000002)
    __rt_entry_sh                            0x08000169   Thumb Code     0  __rtentry4.o(.ARM.Collect$$rtentry$$00000004)
    __rt_entry_li                            0x0800016f   Thumb Code     0  __rtentry2.o(.ARM.Collect$$rtentry$$0000000A)
    __rt_entry_postsh_1                      0x0800016f   Thumb Code     0  __rtentry2.o(.ARM.Collect$$rtentry$$00000009)
    __rt_entry_main                          0x08000173   Thumb Code     0  __rtentry2.o(.ARM.Collect$$rtentry$$0000000D)
    __rt_entry_postli_1                      0x08000173   Thumb Code     0  __rtentry2.o(.ARM.Collect$$rtentry$$0000000C)
    __rt_exit                                0x0800017b   Thumb Code     0  rtexit.o(.ARM.Collect$$rtexit$$00000000)
    __rt_exit_ls                             0x0800017d   Thumb Code     0  rtexit2.o(.ARM.Collect$$rtexit$$00000003)
    __rt_exit_prels_1                        0x0800017d   Thumb Code     0  rtexit2.o(.ARM.Collect$$rtexit$$00000002)
    __rt_exit_exit                           0x08000181   Thumb Code     0  rtexit2.o(.ARM.Collect$$rtexit$$00000004)
    Reset_Handler                            0x08000189   Thumb Code     8  startup_stm32f103xb.o(.text)
    ADC1_2_IRQHandler                        0x080001a3   Thumb Code     0  startup_stm32f103xb.o(.text)
    CAN1_RX1_IRQHandler                      0x080001a3   Thumb Code     0  startup_stm32f103xb.o(.text)
    CAN1_SCE_IRQHandler                      0x080001a3   Thumb Code     0  startup_stm32f103xb.o(.text)
    EXTI0_IRQHandler                         0x080001a3   Thumb Code     0  startup_stm32f103xb.o(.text)
    EXTI15_10_IRQHandler                     0x080001a3   Thumb Code     0  startup_stm32f103xb.o(.text)
    EXTI1_IRQHandler                         0x080001a3   Thumb Code     0  startup_stm32f103xb.o(.text)
    EXTI2_IRQHandler                         0x080001a3   Thumb Code     0  startup_stm32f103xb.o(.text)
    EXTI3_IRQHandler                         0x080001a3   Thumb Code     0  startup_stm32f103xb.o(.text)
    EXTI4_IRQHandler                         0x080001a3   Thumb Code     0  startup_stm32f103xb.o(.text)
    EXTI9_5_IRQHandler                       0x080001a3   Thumb Code     0  startup_stm32f103xb.o(.text)
    FLASH_IRQHandler                         0x080001a3   Thumb Code     0  startup_stm32f103xb.o(.text)
    I2C1_ER_IRQHandler                       0x080001a3   Thumb Code     0  startup_stm32f103xb.o(.text)
    I2C1_EV_IRQHandler                       0x080001a3   Thumb Code     0  startup_stm32f103xb.o(.text)
    I2C2_ER_IRQHandler                       0x080001a3   Thumb Code     0  startup_stm32f103xb.o(.text)
    I2C2_EV_IRQHandler                       0x080001a3   Thumb Code     0  startup_stm32f103xb.o(.text)
    PVD_IRQHandler                           0x080001a3   Thumb Code     0  startup_stm32f103xb.o(.text)
    RCC_IRQHandler                           0x080001a3   Thumb Code     0  startup_stm32f103xb.o(.text)
    RTC_Alarm_IRQHandler                     0x080001a3   Thumb Code     0  startup_stm32f103xb.o(.text)
    RTC_IRQHandler                           0x080001a3   Thumb Code     0  startup_stm32f103xb.o(.text)
    SPI2_IRQHandler                          0x080001a3   Thumb Code     0  startup_stm32f103xb.o(.text)
    TAMPER_IRQHandler                        0x080001a3   Thumb Code     0  startup_stm32f103xb.o(.text)
    TIM1_BRK_IRQHandler                      0x080001a3   Thumb Code     0  startup_stm32f103xb.o(.text)
    TIM1_CC_IRQHandler                       0x080001a3   Thumb Code     0  startup_stm32f103xb.o(.text)
    TIM1_TRG_COM_IRQHandler                  0x080001a3   Thumb Code     0  startup_stm32f103xb.o(.text)
    TIM1_UP_IRQHandler                       0x080001a3   Thumb Code     0  startup_stm32f103xb.o(.text)
    TIM2_IRQHandler                          0x080001a3   Thumb Code     0  startup_stm32f103xb.o(.text)
    TIM3_IRQHandler                          0x080001a3   Thumb Code     0  startup_stm32f103xb.o(.text)
    TIM4_IRQHandler                          0x080001a3   Thumb Code     0  startup_stm32f103xb.o(.text)
    USART1_IRQHandler                        0x080001a3   Thumb Code     0  startup_stm32f103xb.o(.text)
    USART2_IRQHandler                        0x080001a3   Thumb Code     0  startup_stm32f103xb.o(.text)
    USART3_IRQHandler                        0x080001a3   Thumb Code     0  startup_stm32f103xb.o(.text)
    USBWakeUp_IRQHandler                     0x080001a3   Thumb Code     0  startup_stm32f103xb.o(.text)
    USB_HP_CAN1_TX_IRQHandler                0x080001a3   Thumb Code     0  startup_stm32f103xb.o(.text)
    WWDG_IRQHandler                          0x080001a3   Thumb Code     0  startup_stm32f103xb.o(.text)
    __user_initial_stackheap                 0x080001a5   Thumb Code     0  startup_stm32f103xb.o(.text)
    memcmp                                   0x080001c9   Thumb Code    88  memcmp.o(.text)
    __use_two_region_memory                  0x08000221   Thumb Code     2  heapauxi.o(.text)
    __rt_heap_escrow$2region                 0x08000223   Thumb Code     2  heapauxi.o(.text)
    __rt_heap_expand$2region                 0x08000225   Thumb Code     2  heapauxi.o(.text)
    __user_setup_stackheap                   0x08000227   Thumb Code    74  sys_stackheap_outer.o(.text)
    exit                                     0x08000271   Thumb Code    18  exit.o(.text)
    __user_libspace                          0x08000285   Thumb Code     8  libspace.o(.text)
    __user_perproc_libspace                  0x08000285   Thumb Code     0  libspace.o(.text)
    __user_perthread_libspace                0x08000285   Thumb Code     0  libspace.o(.text)
    _sys_exit                                0x0800028d   Thumb Code     8  sys_exit.o(.text)
    __I$use$semihosting                      0x08000299   Thumb Code     0  use_no_semi.o(.text)
    __use_no_semihosting_swi                 0x08000299   Thumb Code     2  use_no_semi.o(.text)
    __aeabi_memclr                           0x0800029b   Thumb Code     0  rt_memclr.o(.text)
    __rt_memclr                              0x0800029b   Thumb Code    68  rt_memclr.o(.text)
    __semihosting_library_function           0x0800029b   Thumb Code     0  indicate_semi.o(.text)
    _memset                                  0x0800029f   Thumb Code     0  rt_memclr.o(.text)
    __aeabi_memclr4                          0x080002df   Thumb Code     0  rt_memclr_w.o(.text)
    __aeabi_memclr8                          0x080002df   Thumb Code     0  rt_memclr_w.o(.text)
    __rt_memclr_w                            0x080002df   Thumb Code    78  rt_memclr_w.o(.text)
    _memset_w                                0x080002e3   Thumb Code     0  rt_memclr_w.o(.text)
    BusFault_Handler                         0x0800032d   Thumb Code     2  lto-llvm-a9a8d0.o(.text.BusFault_Handler)
    DMA1_Channel1_IRQHandler                 0x0800032f   Thumb Code    16  lto-llvm-a9a8d0.o(.text.DMA1_Channel1_IRQHandler)
    DMA1_Channel2_IRQHandler                 0x0800033f   Thumb Code    58  lto-llvm-a9a8d0.o(.text.DMA1_Channel2_IRQHandler)
    DMA1_Channel3_IRQHandler                 0x08000379   Thumb Code    44  lto-llvm-a9a8d0.o(.text.DMA1_Channel3_IRQHandler)
    DMA1_Channel4_IRQHandler                 0x080003a5   Thumb Code    16  lto-llvm-a9a8d0.o(.text.DMA1_Channel4_IRQHandler)
    DMA1_Channel5_IRQHandler                 0x080003b5   Thumb Code    16  lto-llvm-a9a8d0.o(.text.DMA1_Channel5_IRQHandler)
    DMA1_Channel6_IRQHandler                 0x080003c5   Thumb Code    16  lto-llvm-a9a8d0.o(.text.DMA1_Channel6_IRQHandler)
    DMA1_Channel7_IRQHandler                 0x080003d5   Thumb Code    16  lto-llvm-a9a8d0.o(.text.DMA1_Channel7_IRQHandler)
    DebugMon_Handler                         0x08000493   Thumb Code     2  lto-llvm-a9a8d0.o(.text.DebugMon_Handler)
    HardFault_Handler                        0x080008e5   Thumb Code     2  lto-llvm-a9a8d0.o(.text.HardFault_Handler)
    MemManage_Handler                        0x08000bb9   Thumb Code     2  lto-llvm-a9a8d0.o(.text.MemManage_Handler)
    NMI_Handler                              0x08000bbb   Thumb Code     2  lto-llvm-a9a8d0.o(.text.NMI_Handler)
    PendSV_Handler                           0x08000bbd   Thumb Code     2  lto-llvm-a9a8d0.o(.text.PendSV_Handler)
    SPI1_IRQHandler                          0x0800152d   Thumb Code   386  lto-llvm-a9a8d0.o(.text.SPI1_IRQHandler)
    SVC_Handler                              0x080018a3   Thumb Code     2  lto-llvm-a9a8d0.o(.text.SVC_Handler)
    SysTick_Handler                          0x0800198b   Thumb Code    16  lto-llvm-a9a8d0.o(.text.SysTick_Handler)
    SystemInit                               0x0800199b   Thumb Code    80  lto-llvm-a9a8d0.o(.text.SystemInit)
    USB_LP_CAN1_RX0_IRQHandler               0x080022b1   Thumb Code  2912  lto-llvm-a9a8d0.o(.text.USB_LP_CAN1_RX0_IRQHandler)
    UsageFault_Handler                       0x08002e11   Thumb Code     2  lto-llvm-a9a8d0.o(.text.UsageFault_Handler)
    main                                     0x08002e15   Thumb Code  2088  lto-llvm-a9a8d0.o(.text.main)
    Region$$Table$$Base                      0x08003660   Number         0  anon$$obj.o(Region$$Table)
    Region$$Table$$Limit                     0x08003680   Number         0  anon$$obj.o(Region$$Table)
    __libspace_start                         0x20000100   Data          96  libspace.o(.bss)
    __temporary_stack_top$libspace           0x20000160   Data           0  libspace.o(.bss)



==============================================================================

Memory Map of the image

  Image Entry point : 0x080000ed

  Load Region LR_IROM1 (Base: 0x08000000, Size: 0x00003780, Max: 0x00020000, ABSOLUTE)

    Execution Region ER_IROM1 (Exec base: 0x08000000, Load base: 0x08000000, Size: 0x00003680, Max: 0x00020000, ABSOLUTE)

    Exec Addr    Load Addr    Size         Type   Attr      Idx    E Section Name        Object

    0x08000000   0x08000000   0x000000ec   Data   RO            3    RESET               startup_stm32f103xb.o
    0x080000ec   0x080000ec   0x00000008   Code   RO           53  * !!!main             c_w.l(__main.o)
    0x080000f4   0x080000f4   0x00000034   Code   RO          393    !!!scatter          c_w.l(__scatter.o)
    0x08000128   0x08000128   0x0000001a   Code   RO          395    !!handler_copy      c_w.l(__scatter_copy.o)
    0x08000142   0x08000142   0x00000002   PAD
    0x08000144   0x08000144   0x0000001c   Code   RO          397    !!handler_zi        c_w.l(__scatter_zi.o)
    0x08000160   0x08000160   0x00000002   Code   RO           80    .ARM.Collect$$libinit$$00000000  c_w.l(libinit.o)
    0x08000162   0x08000162   0x00000000   Code   RO           87    .ARM.Collect$$libinit$$00000002  c_w.l(libinit2.o)
    0x08000162   0x08000162   0x00000000   Code   RO           89    .ARM.Collect$$libinit$$00000004  c_w.l(libinit2.o)
    0x08000162   0x08000162   0x00000000   Code   RO           92    .ARM.Collect$$libinit$$0000000A  c_w.l(libinit2.o)
    0x08000162   0x08000162   0x00000000   Code   RO           94    .ARM.Collect$$libinit$$0000000C  c_w.l(libinit2.o)
    0x08000162   0x08000162   0x00000000   Code   RO           96    .ARM.Collect$$libinit$$0000000E  c_w.l(libinit2.o)
    0x08000162   0x08000162   0x00000000   Code   RO           99    .ARM.Collect$$libinit$$00000011  c_w.l(libinit2.o)
    0x08000162   0x08000162   0x00000000   Code   RO          101    .ARM.Collect$$libinit$$00000013  c_w.l(libinit2.o)
    0x08000162   0x08000162   0x00000000   Code   RO          103    .ARM.Collect$$libinit$$00000015  c_w.l(libinit2.o)
    0x08000162   0x08000162   0x00000000   Code   RO          105    .ARM.Collect$$libinit$$00000017  c_w.l(libinit2.o)
    0x08000162   0x08000162   0x00000000   Code   RO          107    .ARM.Collect$$libinit$$00000019  c_w.l(libinit2.o)
    0x08000162   0x08000162   0x00000000   Code   RO          109    .ARM.Collect$$libinit$$0000001B  c_w.l(libinit2.o)
    0x08000162   0x08000162   0x00000000   Code   RO          111    .ARM.Collect$$libinit$$0000001D  c_w.l(libinit2.o)
    0x08000162   0x08000162   0x00000000   Code   RO          113    .ARM.Collect$$libinit$$0000001F  c_w.l(libinit2.o)
    0x08000162   0x08000162   0x00000000   Code   RO          115    .ARM.Collect$$libinit$$00000021  c_w.l(libinit2.o)
    0x08000162   0x08000162   0x00000000   Code   RO          117    .ARM.Collect$$libinit$$00000023  c_w.l(libinit2.o)
    0x08000162   0x08000162   0x00000000   Code   RO          119    .ARM.Collect$$libinit$$00000025  c_w.l(libinit2.o)
    0x08000162   0x08000162   0x00000000   Code   RO          123    .ARM.Collect$$libinit$$0000002C  c_w.l(libinit2.o)
    0x08000162   0x08000162   0x00000000   Code   RO          125    .ARM.Collect$$libinit$$0000002E  c_w.l(libinit2.o)
    0x08000162   0x08000162   0x00000000   Code   RO          127    .ARM.Collect$$libinit$$00000030  c_w.l(libinit2.o)
    0x08000162   0x08000162   0x00000000   Code   RO          129    .ARM.Collect$$libinit$$00000032  c_w.l(libinit2.o)
    0x08000162   0x08000162   0x00000002   Code   RO          130    .ARM.Collect$$libinit$$00000033  c_w.l(libinit2.o)
    0x08000164   0x08000164   0x00000002   Code   RO          152    .ARM.Collect$$libshutdown$$00000000  c_w.l(libshutdown.o)
    0x08000166   0x08000166   0x00000000   Code   RO          167    .ARM.Collect$$libshutdown$$00000002  c_w.l(libshutdown2.o)
    0x08000166   0x08000166   0x00000000   Code   RO          169    .ARM.Collect$$libshutdown$$00000004  c_w.l(libshutdown2.o)
    0x08000166   0x08000166   0x00000000   Code   RO          172    .ARM.Collect$$libshutdown$$00000007  c_w.l(libshutdown2.o)
    0x08000166   0x08000166   0x00000000   Code   RO          175    .ARM.Collect$$libshutdown$$0000000A  c_w.l(libshutdown2.o)
    0x08000166   0x08000166   0x00000000   Code   RO          177    .ARM.Collect$$libshutdown$$0000000C  c_w.l(libshutdown2.o)
    0x08000166   0x08000166   0x00000000   Code   RO          180    .ARM.Collect$$libshutdown$$0000000F  c_w.l(libshutdown2.o)
    0x08000166   0x08000166   0x00000002   Code   RO          181    .ARM.Collect$$libshutdown$$00000010  c_w.l(libshutdown2.o)
    0x08000168   0x08000168   0x00000000   Code   RO           55    .ARM.Collect$$rtentry$$00000000  c_w.l(__rtentry.o)
    0x08000168   0x08000168   0x00000000   Code   RO           57    .ARM.Collect$$rtentry$$00000002  c_w.l(__rtentry2.o)
    0x08000168   0x08000168   0x00000006   Code   RO           69    .ARM.Collect$$rtentry$$00000004  c_w.l(__rtentry4.o)
    0x0800016e   0x0800016e   0x00000000   Code   RO           59    .ARM.Collect$$rtentry$$00000009  c_w.l(__rtentry2.o)
    0x0800016e   0x0800016e   0x00000004   Code   RO           60    .ARM.Collect$$rtentry$$0000000A  c_w.l(__rtentry2.o)
    0x08000172   0x08000172   0x00000000   Code   RO           62    .ARM.Collect$$rtentry$$0000000C  c_w.l(__rtentry2.o)
    0x08000172   0x08000172   0x00000008   Code   RO           63    .ARM.Collect$$rtentry$$0000000D  c_w.l(__rtentry2.o)
    0x0800017a   0x0800017a   0x00000002   Code   RO           84    .ARM.Collect$$rtexit$$00000000  c_w.l(rtexit.o)
    0x0800017c   0x0800017c   0x00000000   Code   RO          132    .ARM.Collect$$rtexit$$00000002  c_w.l(rtexit2.o)
    0x0800017c   0x0800017c   0x00000004   Code   RO          133    .ARM.Collect$$rtexit$$00000003  c_w.l(rtexit2.o)
    0x08000180   0x08000180   0x00000006   Code   RO          134    .ARM.Collect$$rtexit$$00000004  c_w.l(rtexit2.o)
    0x08000186   0x08000186   0x00000002   PAD
    0x08000188   0x08000188   0x00000040   Code   RO            4    .text               startup_stm32f103xb.o
    0x080001c8   0x080001c8   0x00000058   Code   RO           49    .text               c_w.l(memcmp.o)
    0x08000220   0x08000220   0x00000006   Code   RO           51    .text               c_w.l(heapauxi.o)
    0x08000226   0x08000226   0x0000004a   Code   RO           71    .text               c_w.l(sys_stackheap_outer.o)
    0x08000270   0x08000270   0x00000012   Code   RO           73    .text               c_w.l(exit.o)
    0x08000282   0x08000282   0x00000002   PAD
    0x08000284   0x08000284   0x00000008   Code   RO           81    .text               c_w.l(libspace.o)
    0x0800028c   0x0800028c   0x0000000c   Code   RO          142    .text               c_w.l(sys_exit.o)
    0x08000298   0x08000298   0x00000002   Code   RO          157    .text               c_w.l(use_no_semi.o)
    0x0800029a   0x0800029a   0x00000000   Code   RO          159    .text               c_w.l(indicate_semi.o)
    0x0800029a   0x0800029a   0x00000044   Code   RO          387    .text               c_w.l(rt_memclr.o)
    0x080002de   0x080002de   0x0000004e   Code   RO          389    .text               c_w.l(rt_memclr_w.o)
    0x0800032c   0x0800032c   0x00000002   Code   RO          261    .text.BusFault_Handler  lto-llvm-a9a8d0.o
    0x0800032e   0x0800032e   0x00000010   Code   RO          297    .text.DMA1_Channel1_IRQHandler  lto-llvm-a9a8d0.o
    0x0800033e   0x0800033e   0x0000003a   Code   RO          299    .text.DMA1_Channel2_IRQHandler  lto-llvm-a9a8d0.o
    0x08000378   0x08000378   0x0000002c   Code   RO          301    .text.DMA1_Channel3_IRQHandler  lto-llvm-a9a8d0.o
    0x080003a4   0x080003a4   0x00000010   Code   RO          303    .text.DMA1_Channel4_IRQHandler  lto-llvm-a9a8d0.o
    0x080003b4   0x080003b4   0x00000010   Code   RO          305    .text.DMA1_Channel5_IRQHandler  lto-llvm-a9a8d0.o
    0x080003c4   0x080003c4   0x00000010   Code   RO          307    .text.DMA1_Channel6_IRQHandler  lto-llvm-a9a8d0.o
    0x080003d4   0x080003d4   0x00000010   Code   RO          309    .text.DMA1_Channel7_IRQHandler  lto-llvm-a9a8d0.o
    0x080003e4   0x080003e4   0x000000ae   Code   RO          295    .text.DMA_ChannelInitialize  lto-llvm-a9a8d0.o
    0x08000492   0x08000492   0x00000002   Code   RO          267    .text.DebugMon_Handler  lto-llvm-a9a8d0.o
    0x08000494   0x08000494   0x0000005a   Code   RO          279    .text.EraseSector   lto-llvm-a9a8d0.o
    0x080004ee   0x080004ee   0x00000002   PAD
    0x080004f0   0x080004f0   0x000001fe   Code   RO          291    .text.HAL_GPIO_Init  lto-llvm-a9a8d0.o
    0x080006ee   0x080006ee   0x0000004a   Code   RO          289    .text.HAL_InitTick  lto-llvm-a9a8d0.o
    0x08000738   0x08000738   0x000000fe   Code   RO          219    .text.HAL_PCD_DataInStageCallback  lto-llvm-a9a8d0.o
    0x08000836   0x08000836   0x000000ae   Code   RO          217    .text.HAL_PCD_DataOutStageCallback  lto-llvm-a9a8d0.o
    0x080008e4   0x080008e4   0x00000002   Code   RO          257    .text.HardFault_Handler  lto-llvm-a9a8d0.o
    0x080008e6   0x080008e6   0x00000064   Code   RO          345    .text.MSC_BOT_Abort  lto-llvm-a9a8d0.o
    0x0800094a   0x0800094a   0x00000030   Code   RO          347    .text.MSC_BOT_CplClrFeature  lto-llvm-a9a8d0.o
    0x0800097a   0x0800097a   0x00000048   Code   RO          339    .text.MSC_BOT_DataIn  lto-llvm-a9a8d0.o
    0x080009c2   0x080009c2   0x0000013e   Code   RO          343    .text.MSC_BOT_DataOut  lto-llvm-a9a8d0.o
    0x08000b00   0x08000b00   0x00000050   Code   RO          337    .text.MSC_BOT_Init  lto-llvm-a9a8d0.o
    0x08000b50   0x08000b50   0x00000066   Code   RO          341    .text.MSC_BOT_SendCSW  lto-llvm-a9a8d0.o
    0x08000bb6   0x08000bb6   0x00000002   PAD
    0x08000bb8   0x08000bb8   0x00000002   Code   RO          259    .text.MemManage_Handler  lto-llvm-a9a8d0.o
    0x08000bba   0x08000bba   0x00000002   Code   RO          255    .text.NMI_Handler   lto-llvm-a9a8d0.o
    0x08000bbc   0x08000bbc   0x00000002   Code   RO          269    .text.PendSV_Handler  lto-llvm-a9a8d0.o
    0x08000bbe   0x08000bbe   0x00000002   PAD
    0x08000bc0   0x08000bc0   0x00000180   Code   RO          277    .text.ProgramData   lto-llvm-a9a8d0.o
    0x08000d40   0x08000d40   0x00000150   Code   RO          275    .text.ReadData      lto-llvm-a9a8d0.o
    0x08000e90   0x08000e90   0x000000a4   Code   RO          281    .text.ReadStatusReg  lto-llvm-a9a8d0.o
    0x08000f34   0x08000f34   0x000005f8   Code   RO          349    .text.SCSI_ProcessCmd  lto-llvm-a9a8d0.o
    0x0800152c   0x0800152c   0x00000182   Code   RO          315    .text.SPI1_IRQHandler  lto-llvm-a9a8d0.o
    0x080016ae   0x080016ae   0x000000ce   Code   RO          311    .text.SPI1_Send     lto-llvm-a9a8d0.o
    0x0800177c   0x0800177c   0x000000bc   Code   RO          313    .text.SPI1_Transfer  lto-llvm-a9a8d0.o
    0x08001838   0x08001838   0x00000012   Code   RO          243    .text.STORAGE_GetCapacity_FS  lto-llvm-a9a8d0.o
    0x0800184a   0x0800184a   0x00000004   Code   RO          253    .text.STORAGE_GetMaxLun_FS  lto-llvm-a9a8d0.o
    0x0800184e   0x0800184e   0x00000004   Code   RO          241    .text.STORAGE_Init_FS  lto-llvm-a9a8d0.o
    0x08001852   0x08001852   0x00000004   Code   RO          245    .text.STORAGE_IsReady_FS  lto-llvm-a9a8d0.o
    0x08001856   0x08001856   0x00000004   Code   RO          247    .text.STORAGE_IsWriteProtected_FS  lto-llvm-a9a8d0.o
    0x0800185a   0x0800185a   0x0000001c   Code   RO          249    .text.STORAGE_Read_FS  lto-llvm-a9a8d0.o
    0x08001876   0x08001876   0x0000002c   Code   RO          251    .text.STORAGE_Write_FS  lto-llvm-a9a8d0.o
    0x080018a2   0x080018a2   0x00000002   Code   RO          265    .text.SVC_Handler   lto-llvm-a9a8d0.o
    0x080018a4   0x080018a4   0x0000009c   Code   RO          285    .text.SendCmd       lto-llvm-a9a8d0.o
    0x08001940   0x08001940   0x0000004a   Code   RO          283    .text.SetWriteEnable  lto-llvm-a9a8d0.o
    0x0800198a   0x0800198a   0x00000010   Code   RO          271    .text.SysTick_Handler  lto-llvm-a9a8d0.o
    0x0800199a   0x0800199a   0x00000050   Code   RO          293    .text.SystemInit    lto-llvm-a9a8d0.o
    0x080019ea   0x080019ea   0x00000002   PAD
    0x080019ec   0x080019ec   0x00000020   Code   RO          237    .text.USBD_FS_ConfigStrDescriptor  lto-llvm-a9a8d0.o
    0x08001a0c   0x08001a0c   0x0000000e   Code   RO          227    .text.USBD_FS_DeviceDescriptor  lto-llvm-a9a8d0.o
    0x08001a1a   0x08001a1a   0x00000002   PAD
    0x08001a1c   0x08001a1c   0x00000024   Code   RO          239    .text.USBD_FS_InterfaceStrDescriptor  lto-llvm-a9a8d0.o
    0x08001a40   0x08001a40   0x0000000e   Code   RO          229    .text.USBD_FS_LangIDStrDescriptor  lto-llvm-a9a8d0.o
    0x08001a4e   0x08001a4e   0x00000002   PAD
    0x08001a50   0x08001a50   0x00000028   Code   RO          231    .text.USBD_FS_ManufacturerStrDescriptor  lto-llvm-a9a8d0.o
    0x08001a78   0x08001a78   0x00000028   Code   RO          233    .text.USBD_FS_ProductStrDescriptor  lto-llvm-a9a8d0.o
    0x08001aa0   0x08001aa0   0x00000024   Code   RO          235    .text.USBD_FS_SerialStrDescriptor  lto-llvm-a9a8d0.o
    0x08001ac4   0x08001ac4   0x0000005e   Code   RO          317    .text.USBD_GetString  lto-llvm-a9a8d0.o
    0x08001b22   0x08001b22   0x00000130   Code   RO          223    .text.USBD_LL_CloseEP  lto-llvm-a9a8d0.o
    0x08001c52   0x08001c52   0x00000002   PAD
    0x08001c54   0x08001c54   0x0000025c   Code   RO          221    .text.USBD_LL_OpenEP  lto-llvm-a9a8d0.o
    0x08001eb0   0x08001eb0   0x0000008e   Code   RO          225    .text.USBD_LL_StallEP  lto-llvm-a9a8d0.o
    0x08001f3e   0x08001f3e   0x0000000a   Code   RO          325    .text.USBD_MSC_DataIn  lto-llvm-a9a8d0.o
    0x08001f48   0x08001f48   0x0000000a   Code   RO          327    .text.USBD_MSC_DataOut  lto-llvm-a9a8d0.o
    0x08001f52   0x08001f52   0x00000026   Code   RO          321    .text.USBD_MSC_DeInit  lto-llvm-a9a8d0.o
    0x08001f78   0x08001f78   0x0000000e   Code   RO          335    .text.USBD_MSC_GetDeviceQualifierDescriptor  lto-llvm-a9a8d0.o
    0x08001f86   0x08001f86   0x0000000e   Code   RO          331    .text.USBD_MSC_GetFSCfgDesc  lto-llvm-a9a8d0.o
    0x08001f94   0x08001f94   0x0000000e   Code   RO          329    .text.USBD_MSC_GetHSCfgDesc  lto-llvm-a9a8d0.o
    0x08001fa2   0x08001fa2   0x0000000e   Code   RO          333    .text.USBD_MSC_GetOtherSpeedCfgDesc  lto-llvm-a9a8d0.o
    0x08001fb0   0x08001fb0   0x00000050   Code   RO          319    .text.USBD_MSC_Init  lto-llvm-a9a8d0.o
    0x08002000   0x08002000   0x00000136   Code   RO          323    .text.USBD_MSC_Setup  lto-llvm-a9a8d0.o
    0x08002136   0x08002136   0x00000002   PAD
    0x08002138   0x08002138   0x00000176   Code   RO          287    .text.USB_EPStartXfer  lto-llvm-a9a8d0.o
    0x080022ae   0x080022ae   0x00000002   PAD
    0x080022b0   0x080022b0   0x00000b60   Code   RO          273    .text.USB_LP_CAN1_RX0_IRQHandler  lto-llvm-a9a8d0.o
    0x08002e10   0x08002e10   0x00000002   Code   RO          263    .text.UsageFault_Handler  lto-llvm-a9a8d0.o
    0x08002e12   0x08002e12   0x00000002   PAD
    0x08002e14   0x08002e14   0x00000828   Code   RO          215    .text.main          lto-llvm-a9a8d0.o
    0x0800363c   0x0800363c   0x00000024   Data   RO          360    .rodata.STORAGE_Inquirydata_FS  lto-llvm-a9a8d0.o
    0x08003660   0x08003660   0x00000020   Data   RO          392    Region$$Table       anon$$obj.o


    Execution Region RW_IRAM1 (Exec base: 0x20000000, Load base: 0x08003680, Size: 0x00003490, Max: 0x00005000, ABSOLUTE)

    Exec Addr    Load Addr    Size         Type   Attr      Idx    E Section Name        Object

    0x20000000   0x08003680   0x0000001c   Data   RW          356    .data.FS_Desc       lto-llvm-a9a8d0.o
    0x2000001c   0x0800369c   0x00000004   Data   RW          365    .data.SystemCoreClock  lto-llvm-a9a8d0.o
    0x20000020   0x080036a0   0x00000012   Data   RW          359    .data.USBD_FS_DeviceDesc  lto-llvm-a9a8d0.o
    0x20000032   0x080036b2   0x00000002   PAD
    0x20000034   0x080036b4   0x00000004   Data   RW          358    .data.USBD_LangIDDesc  lto-llvm-a9a8d0.o
    0x20000038   0x080036b8   0x00000038   Data   RW          369    .data.USBD_MSC      lto-llvm-a9a8d0.o
    0x20000070   0x080036f0   0x00000020   Data   RW          372    .data.USBD_MSC_CfgFSDesc  lto-llvm-a9a8d0.o
    0x20000090   0x08003710   0x00000020   Data   RW          373    .data.USBD_MSC_CfgHSDesc  lto-llvm-a9a8d0.o
    0x200000b0   0x08003730   0x0000000a   Data   RW          370    .data.USBD_MSC_DeviceQualifierDesc  lto-llvm-a9a8d0.o
    0x200000ba   0x0800373a   0x00000002   PAD
    0x200000bc   0x0800373c   0x00000020   Data   RW          371    .data.USBD_MSC_OtherSpeedCfgDesc  lto-llvm-a9a8d0.o
    0x200000dc   0x0800375c   0x00000020   Data   RW          361    .data.USBD_Storage_Interface_fops_FS  lto-llvm-a9a8d0.o
    0x200000fc   0x0800377c   0x00000004   PAD
    0x20000100        -       0x00000060   Zero   RW           82    .bss                c_w.l(libspace.o)
    0x20000160        -       0x00000001   Zero   RW          366    .bss.DMA1_Channel   lto-llvm-a9a8d0.o
    0x20000161        -       0x00000001   Zero   RW          363    .bss.Flags          lto-llvm-a9a8d0.o
    0x20000162   0x0800377c   0x00000002   PAD
    0x20000164        -       0x00000004   Zero   RW          362    .bss.FlashStatus.0  lto-llvm-a9a8d0.o
    0x20000168        -       0x00000001   Zero   RW          378    .bss.SPI1_Info.1.0  lto-llvm-a9a8d0.o
    0x20000169   0x0800377c   0x00000003   PAD
    0x2000016c        -       0x00000001   Zero   RW          376    .bss.SPI1_Info.2    lto-llvm-a9a8d0.o
    0x2000016d   0x0800377c   0x00000003   PAD
    0x20000170        -       0x00000001   Zero   RW          377    .bss.SPI1_Info.3    lto-llvm-a9a8d0.o
    0x20000171   0x0800377c   0x00000003   PAD
    0x20000174        -       0x0000001c   Zero   RW          367    .bss.SPI1_TransferInfo  lto-llvm-a9a8d0.o
    0x20000190        -       0x00000001   Zero   RW          368    .bss.USBD_SetConfig.cfgidx  lto-llvm-a9a8d0.o
    0x20000191   0x0800377c   0x00000003   PAD
    0x20000194        -       0x00000200   Zero   RW          357    .bss.USBD_StrDesc   lto-llvm-a9a8d0.o
    0x20000394        -       0x00001070   Zero   RW          355    .bss.USBD_static_malloc.mem  lto-llvm-a9a8d0.o
    0x20001404        -       0x00001000   Zero   RW          351    .bss.buff           lto-llvm-a9a8d0.o
    0x20002404        -       0x00000224   Zero   RW          353    .bss.hUsbDeviceFS   lto-llvm-a9a8d0.o
    0x20002628        -       0x00000460   Zero   RW          354    .bss.hpcd_USB_FS    lto-llvm-a9a8d0.o
    0x20002a88        -       0x00000001   Zero   RW          374    .bss.jdc_id_.0      lto-llvm-a9a8d0.o
    0x20002a89   0x0800377c   0x00000001   PAD
    0x20002a8a        -       0x00000002   Zero   RW          375    .bss.jdc_id_.1      lto-llvm-a9a8d0.o
    0x20002a8c        -       0x00000004   Zero   RW          364    .bss.uwTick         lto-llvm-a9a8d0.o
    0x20002a90        -       0x00000200   Zero   RW            2    HEAP                startup_stm32f103xb.o
    0x20002c90        -       0x00000800   Zero   RW            1    STACK               startup_stm32f103xb.o


==============================================================================

Image component sizes


      Code (inc. data)   RO Data    RW Data    ZI Data      Debug   Object Name

     13052        246         36        248      10529     115943   lto-llvm-a9a8d0.o
        64         26        236          0       2560        768   startup_stm32f103xb.o

    ----------------------------------------------------------------------
     13136        272        304        252      13108     116711   Object Totals
         0          0         32          0          0          0   (incl. Generated)
        20          0          0          4         19          0   (incl. Padding)

    ----------------------------------------------------------------------

      Code (inc. data)   RO Data    RW Data    ZI Data      Debug   Library Member Name

         8          0          0          0          0         68   __main.o
         0          0          0          0          0          0   __rtentry.o
        12          0          0          0          0          0   __rtentry2.o
         6          0          0          0          0          0   __rtentry4.o
        52          8          0          0          0          0   __scatter.o
        26          0          0          0          0          0   __scatter_copy.o
        28          0          0          0          0          0   __scatter_zi.o
        18          0          0          0          0         80   exit.o
         6          0          0          0          0        152   heapauxi.o
         0          0          0          0          0          0   indicate_semi.o
         2          0          0          0          0          0   libinit.o
         2          0          0          0          0          0   libinit2.o
         2          0          0          0          0          0   libshutdown.o
         2          0          0          0          0          0   libshutdown2.o
         8          4          0          0         96         68   libspace.o
        88          0          0          0          0         76   memcmp.o
        68          0          0          0          0         68   rt_memclr.o
        78          0          0          0          0         80   rt_memclr_w.o
         2          0          0          0          0          0   rtexit.o
        10          0          0          0          0          0   rtexit2.o
        12          4          0          0          0         68   sys_exit.o
        74          0          0          0          0         80   sys_stackheap_outer.o
         2          0          0          0          0         68   use_no_semi.o

    ----------------------------------------------------------------------
       512         16          0          0         96        808   Library Totals
         6          0          0          0          0          0   (incl. Padding)

    ----------------------------------------------------------------------

      Code (inc. data)   RO Data    RW Data    ZI Data      Debug   Library Name

       506         16          0          0         96        808   c_w.l

    ----------------------------------------------------------------------
       512         16          0          0         96        808   Library Totals

    ----------------------------------------------------------------------

==============================================================================


      Code (inc. data)   RO Data    RW Data    ZI Data      Debug   

     13648        288        304        252      13204     117255   Grand Totals
     13648        288        304        252      13204     117255   ELF Image Totals
     13648        288        304        252          0          0   ROM Totals

==============================================================================

    Total RO  Size (Code + RO Data)                13952 (  13.63kB)
    Total RW  Size (RW Data + ZI Data)             13456 (  13.14kB)
    Total ROM Size (Code + RO Data + RW Data)      14204 (  13.87kB)

==============================================================================

